Archive member included because of file (symbol)

contiki-z1.a(mqtt.o)          mqtt-example.co (mqtt_register)
contiki-z1.a(contiki-z1-plat)
                              obj_z1/contiki-z1-main.o (init_platform)
contiki-z1.a(msp430.o)        obj_z1/contiki-z1-main.o (splhigh_)
contiki-z1.a(leds.o)          obj_z1/contiki-z1-main.o (leds_init)
contiki-z1.a(watchdog.o)      obj_z1/contiki-z1-main.o (watchdog_start)
contiki-z1.a(xmem.o)          obj_z1/contiki-z1-main.o (xmem_init)
contiki-z1.a(spi.o)           contiki-z1.a(xmem.o) (spi_init)
contiki-z1.a(cc2420.o)        obj_z1/contiki-z1-main.o (cc2420_set_pan_addr)
contiki-z1.a(cc2420-arch.o)   contiki-z1.a(cc2420.o) (cc2420_arch_init)
contiki-z1.a(node-id.o)       obj_z1/contiki-z1-main.o (node_id_restore)
contiki-z1.a(sensors.o)       contiki-z1.a(contiki-z1-plat) (sensors_process)
contiki-z1.a(uart0.o)         obj_z1/contiki-z1-main.o (uart0_active)
contiki-z1.a(uart0-putchar.o)
                              obj_z1/contiki-z1-main.o (putchar)
contiki-z1.a(z1-sensors.o)    contiki-z1.a(sensors.o) (sensors_flags)
contiki-z1.a(adxl345.o)       mqtt-example.co (adxl345)
contiki-z1.a(tmp102.o)        mqtt-example.co (tmp102)
contiki-z1.a(clock.o)         obj_z1/contiki-z1-main.o (clock_init)
contiki-z1.a(leds-arch.o)     contiki-z1.a(leds.o) (leds_arch_init)
contiki-z1.a(rtimer-arch.o)   obj_z1/contiki-z1-main.o (rtimer_arch_now)
contiki-z1.a(autostart.o)     obj_z1/contiki-z1-main.o (autostart_start)
contiki-z1.a(ctimer.o)        obj_z1/contiki-z1-main.o (ctimer_init)
contiki-z1.a(energest.o)      obj_z1/contiki-z1-main.o (energest_init)
contiki-z1.a(etimer.o)        contiki-z1.a(clock.o) (etimer_request_poll)
contiki-z1.a(process.o)       contiki-z1.a(mqtt.o) (process_current)
contiki-z1.a(rtimer.o)        obj_z1/contiki-z1-main.o (rtimer_init)
contiki-z1.a(timer.o)         mqtt-example.co (timer_set)
contiki-z1.a(list.o)          contiki-z1.a(mqtt.o) (list_init)
contiki-z1.a(random.o)        obj_z1/contiki-z1-main.o (random_init)
contiki-z1.a(sicslowpan.o)    obj_z1/contiki-z1-main.o (sicslowpan_driver)
contiki-z1.a(uip6.o)          contiki-z1.a(sicslowpan.o) (uip_aligned_buf)
contiki-z1.a(uip-ds6.o)       contiki-z1.a(uip6.o) (uip_ds6_is_addr_onlink)
contiki-z1.a(uip-ds6-nbr.o)   contiki-z1.a(uip-ds6.o) (uip_ds6_neighbors_init)
contiki-z1.a(uip-ds6-route.o)
                              contiki-z1.a(uip-ds6.o) (uip_ds6_route_init)
contiki-z1.a(uip-icmp6.o)     contiki-z1.a(uip6.o) (uip_icmp6_input)
contiki-z1.a(uip-nd6.o)       contiki-z1.a(uip6.o) (uip_nd6_init)
contiki-z1.a(tcpip.o)         contiki-z1.a(sicslowpan.o) (tcpip_set_outputfunc)
contiki-z1.a(tcp-socket.o)    contiki-z1.a(mqtt.o) (tcp_socket_register)
contiki-z1.a(uip-debug.o)     contiki-z1.a(uip-ds6-route.o) (uip_debug_ipaddr_print)
contiki-z1.a(uiplib.o)        contiki-z1.a(mqtt.o) (uiplib_ip6addrconv)
contiki-z1.a(rpl.o)           contiki-z1.a(uip-ds6-nbr.o) (rpl_link_neighbor_callback)
contiki-z1.a(rpl-dag.o)       contiki-z1.a(rpl.o) (rpl_dag_init)
contiki-z1.a(rpl-ext-header.)
                              contiki-z1.a(uip6.o) (rpl_verify_hbh_header)
contiki-z1.a(rpl-icmp6.o)     contiki-z1.a(rpl-dag.o) (rpl_icmp6_update_nbr_table)
contiki-z1.a(rpl-mrhof.o)     contiki-z1.a(rpl-dag.o) (rpl_mrhof)
contiki-z1.a(rpl-timers.o)    contiki-z1.a(rpl.o) (rpl_reset_periodic_timer)
contiki-z1.a(linkaddr.o)      obj_z1/contiki-z1-main.o (linkaddr_copy)
contiki-z1.a(link-stats.o)    contiki-z1.a(rpl-dag.o) (link_stats_from_lladdr)
contiki-z1.a(nbr-table.o)     contiki-z1.a(uip-ds6-nbr.o) (nbr_table_register)
contiki-z1.a(packetbuf.o)     contiki-z1.a(cc2420.o) (packetbuf_set_datalen)
contiki-z1.a(queuebuf.o)      obj_z1/contiki-z1-main.o (queuebuf_init)
contiki-z1.a(csma.o)          obj_z1/contiki-z1-main.o (csma_driver)
contiki-z1.a(framer-802154.o)
                              contiki-z1.a(sicslowpan.o) (framer_802154)
contiki-z1.a(mac.o)           contiki-z1.a(csma.o) (mac_call_sent_callback)
contiki-z1.a(nullrdc.o)       obj_z1/contiki-z1-main.o (nullrdc_driver)
contiki-z1.a(nullsec.o)       contiki-z1.a(sicslowpan.o) (nullsec_driver)
contiki-z1.a(i2cmaster.o)     contiki-z1.a(adxl345.o) (i2c_receiveinit)
contiki-z1.a(button-sensor.o)
                              contiki-z1.a(z1-sensors.o) (button_sensor)
contiki-z1.a(stimer.o)        contiki-z1.a(uip-ds6.o) (stimer_set)
contiki-z1.a(memb.o)          contiki-z1.a(uip-ds6-route.o) (memb_init)
contiki-z1.a(rpl-nbr-policy.)
                              contiki-z1.a(nbr-table.o) (rpl_nbr_policy_find_removable)
contiki-z1.a(frame802154.o)   contiki-z1.a(framer-802154.o) (frame802154_get_pan_id)
/usr/local/msp430/bin/../lib/gcc/msp430/4.7.0/mcpu-430x/mmpy-16/msr20/mc20/libgcc.a(_mulsi3.o)
                              contiki-z1.a(rpl-timers.o) (__mulsi3)
/usr/local/msp430/bin/../lib/gcc/msp430/4.7.0/mcpu-430x/mmpy-16/msr20/mc20/libgcc.a(_udivmod16.o)
                              mqtt-example.co (__udivhi3)
[...]
Memory Configuration

Name             Origin             Length             Attributes
sfr              0x00000000         0x00000010
peripheral_8bit  0x00000010         0x000000f0
peripheral_16bit 0x00000100         0x00000100
ram_mirror       0x00000200         0x00000800         xw
infomem          0x00001000         0x00000100
infod            0x00001000         0x00000040
infoc            0x00001040         0x00000040
infob            0x00001080         0x00000040
infoa            0x000010c0         0x00000040
ram              0x00001100         0x00002000         xw
rom              0x00003100         0x0000cebe         xr
vectors          0x0000ffc0         0x00000040
far_rom          0x00010000         0x0000a000
bsl              0x00000000         0x00000000
ram2             0x00000000         0x00000000         xw
usbram           0x00000000         0x00000000         xw
*default*        0x00000000         0xffffffff

Linker script and memory map

LOAD /usr/local/msp430/bin/../lib/gcc/msp430/4.7.0/mcpu-430x/mmpy-16/msr20/mc20/crt0ivtbl32.o
                0x00000041                __P1SEL2 = 0x41
                0x00000045                __P5SEL2 = 0x45
LOAD mqtt-example.co
LOAD obj_z1/contiki-z1-main.o
LOAD contiki-z1.a
LOAD /usr/local/msp430/bin/../lib/gcc/msp430/4.7.0/mcpu-430x/mmpy-16/msr20/mc20/libgcc.a
LOAD /usr/local/msp430/bin/../lib/gcc/msp430/4.7.0/../../../../msp430/lib/mcpu-430x/mmpy-16/msr20/mc20/libc.a
LOAD /usr/local/msp430/bin/../lib/gcc/msp430/4.7.0/mcpu-430x/mmpy-16/msr20/mc20/libgcc.a
LOAD /usr/local/msp430/bin/../lib/gcc/msp430/4.7.0/mcpu-430x/mmpy-16/msr20/mc20/libcrt0.a
                0x00000040                PROVIDE (__info_segment_size, 0x40)
                0x00001000                PROVIDE (__infod, 0x1000)
                0x00001040                PROVIDE (__infoc, 0x1040)
                0x00001080                PROVIDE (__infob, 0x1080)
                0x000010c0                PROVIDE (__infoa, 0x10c0)
                0x00000000                __IE1 = 0x0
                0x00000002                __IFG1 = 0x2
                0x00000001                __IE2 = 0x1
                0x00000003                __IFG2 = 0x3
                0x00000006                __UC1IE = 0x6
                0x00000007                __UC1IFG = 0x7
                0x000001a0                __ADC12CTL0 = 0x1a0
                0x000001a2                __ADC12CTL1 = 0x1a2
                0x000001a4                __ADC12IFG = 0x1a4
                0x000001a6                __ADC12IE = 0x1a6
                0x000001a8                __ADC12IV = 0x1a8
                0x00000140                __ADC12MEM0 = 0x140
                0x00000142                __ADC12MEM1 = 0x142
                0x00000144                __ADC12MEM2 = 0x144
                0x00000146                __ADC12MEM3 = 0x146
                0x00000148                __ADC12MEM4 = 0x148
                0x0000014a                __ADC12MEM5 = 0x14a
                0x0000014c                __ADC12MEM6 = 0x14c
                0x0000014e                __ADC12MEM7 = 0x14e
                0x00000150                __ADC12MEM8 = 0x150
                0x00000152                __ADC12MEM9 = 0x152
                0x00000154                __ADC12MEM10 = 0x154
                0x00000156                __ADC12MEM11 = 0x156
                0x00000158                __ADC12MEM12 = 0x158
                0x0000015a                __ADC12MEM13 = 0x15a
                0x0000015c                __ADC12MEM14 = 0x15c
                0x0000015e                __ADC12MEM15 = 0x15e
                0x00000080                __ADC12MCTL0 = 0x80
                0x00000081                __ADC12MCTL1 = 0x81
                0x00000082                __ADC12MCTL2 = 0x82
                0x00000083                __ADC12MCTL3 = 0x83
                0x00000084                __ADC12MCTL4 = 0x84
                0x00000085                __ADC12MCTL5 = 0x85
                0x00000086                __ADC12MCTL6 = 0x86
                0x00000087                __ADC12MCTL7 = 0x87
                0x00000088                __ADC12MCTL8 = 0x88
                0x00000089                __ADC12MCTL9 = 0x89
                0x0000008a                __ADC12MCTL10 = 0x8a
                0x0000008b                __ADC12MCTL11 = 0x8b
                0x0000008c                __ADC12MCTL12 = 0x8c
                0x0000008d                __ADC12MCTL13 = 0x8d
                0x0000008e                __ADC12MCTL14 = 0x8e
                0x0000008f                __ADC12MCTL15 = 0x8f
                0x00000056                __DCOCTL = 0x56
                0x00000057                __BCSCTL1 = 0x57
                0x00000058                __BCSCTL2 = 0x58
                0x00000053                __BCSCTL3 = 0x53
                0x00000059                __CACTL1 = 0x59
                0x0000005a                __CACTL2 = 0x5a
                0x0000005b                __CAPD = 0x5b
                0x000001c0                __DAC12_0CTL = 0x1c0
                0x000001c2                __DAC12_1CTL = 0x1c2
                0x000001c8                __DAC12_0DAT = 0x1c8
                0x000001ca                __DAC12_1DAT = 0x1ca
                0x00000122                __DMACTL0 = 0x122
                0x00000124                __DMACTL1 = 0x124
                0x00000126                __DMAIV = 0x126
                0x000001d0                __DMA0CTL = 0x1d0
                0x000001dc                __DMA1CTL = 0x1dc
                0x000001e8                __DMA2CTL = 0x1e8
                0x000001d2                __DMA0SA = 0x1d2
                0x000001d2                __DMA0SAL = 0x1d2
                0x000001d6                __DMA0DA = 0x1d6
                0x000001d6                __DMA0DAL = 0x1d6
                0x000001da                __DMA0SZ = 0x1da
                0x000001de                __DMA1SA = 0x1de
                0x000001de                __DMA1SAL = 0x1de
                0x000001e2                __DMA1DA = 0x1e2
                0x000001e2                __DMA1DAL = 0x1e2
                0x000001e6                __DMA1SZ = 0x1e6
                0x000001ea                __DMA2SA = 0x1ea
                0x000001ea                __DMA2SAL = 0x1ea
                0x000001ee                __DMA2DA = 0x1ee
                0x000001ee                __DMA2DAL = 0x1ee
                0x000001f2                __DMA2SZ = 0x1f2
                0x00000128                __FCTL1 = 0x128
                0x0000012a                __FCTL2 = 0x12a
                0x0000012c                __FCTL3 = 0x12c
                0x000001be                __FCTL4 = 0x1be
                0x00000130                __MPY = 0x130
                0x00000132                __MPYS = 0x132
                0x00000134                __MAC = 0x134
                0x00000136                __MACS = 0x136
                0x00000138                __OP2 = 0x138
                0x0000013a                __RESLO = 0x13a
                0x0000013c                __RESHI = 0x13c
                0x0000013e                __SUMEXT = 0x13e
                0x00000020                __P1IN = 0x20
                0x00000021                __P1OUT = 0x21
                0x00000022                __P1DIR = 0x22
                0x00000023                __P1IFG = 0x23
                0x00000024                __P1IES = 0x24
                0x00000025                __P1IE = 0x25
                0x00000026                __P1SEL = 0x26
                0x00000027                __P1REN = 0x27
                0x00000028                __P2IN = 0x28
                0x00000029                __P2OUT = 0x29
                0x0000002a                __P2DIR = 0x2a
                0x0000002b                __P2IFG = 0x2b
                0x0000002c                __P2IES = 0x2c
                0x0000002d                __P2IE = 0x2d
                0x0000002e                __P2SEL = 0x2e
                0x0000002f                __P2REN = 0x2f
                0x00000018                __P3IN = 0x18
                0x00000019                __P3OUT = 0x19
                0x0000001a                __P3DIR = 0x1a
                0x0000001b                __P3SEL = 0x1b
                0x00000010                __P3REN = 0x10
                0x0000001c                __P4IN = 0x1c
                0x0000001d                __P4OUT = 0x1d
                0x0000001e                __P4DIR = 0x1e
                0x0000001f                __P4SEL = 0x1f
                0x00000011                __P4REN = 0x11
                0x00000030                __P5IN = 0x30
                0x00000031                __P5OUT = 0x31
                0x00000032                __P5DIR = 0x32
                0x00000033                __P5SEL = 0x33
                0x00000012                __P5REN = 0x12
                0x00000034                __P6IN = 0x34
                0x00000035                __P6OUT = 0x35
                0x00000036                __P6DIR = 0x36
                0x00000037                __P6SEL = 0x37
                0x00000013                __P6REN = 0x13
                0x00000038                __P7IN = 0x38
                0x0000003a                __P7OUT = 0x3a
                0x0000003c                __P7DIR = 0x3c
                0x0000003e                __P7SEL = 0x3e
                0x00000014                __P7REN = 0x14
                0x00000039                __P8IN = 0x39
                0x0000003b                __P8OUT = 0x3b
                0x0000003d                __P8DIR = 0x3d
                0x0000003f                __P8SEL = 0x3f
                0x00000015                __P8REN = 0x15
                0x00000038                __PAIN = 0x38
                0x0000003a                __PAOUT = 0x3a
                0x0000003c                __PADIR = 0x3c
                0x0000003e                __PASEL = 0x3e
                0x00000014                __PAREN = 0x14
                0x00000055                __SVSCTL = 0x55
                0x0000012e                __TAIV = 0x12e
                0x00000160                __TACTL = 0x160
                0x00000162                __TACCTL0 = 0x162
                0x00000164                __TACCTL1 = 0x164
                0x00000166                __TACCTL2 = 0x166
                0x00000170                __TAR = 0x170
                0x00000172                __TACCR0 = 0x172
                0x00000174                __TACCR1 = 0x174
                0x00000176                __TACCR2 = 0x176
                0x0000011e                __TBIV = 0x11e
                0x00000180                __TBCTL = 0x180
                0x00000182                __TBCCTL0 = 0x182
                0x00000184                __TBCCTL1 = 0x184
                0x00000186                __TBCCTL2 = 0x186
                0x00000188                __TBCCTL3 = 0x188
                0x0000018a                __TBCCTL4 = 0x18a
                0x0000018c                __TBCCTL5 = 0x18c
                0x0000018e                __TBCCTL6 = 0x18e
                0x00000190                __TBR = 0x190
                0x00000192                __TBCCR0 = 0x192
                0x00000194                __TBCCR1 = 0x194
                0x00000196                __TBCCR2 = 0x196
                0x00000198                __TBCCR3 = 0x198
                0x0000019a                __TBCCR4 = 0x19a
                0x0000019c                __TBCCR5 = 0x19c
                0x0000019e                __TBCCR6 = 0x19e
                0x00000060                __UCA0CTL0 = 0x60
                0x00000061                __UCA0CTL1 = 0x61
                0x00000062                __UCA0BR0 = 0x62
                0x00000063                __UCA0BR1 = 0x63
                0x00000064                __UCA0MCTL = 0x64
                0x00000065                __UCA0STAT = 0x65
                0x00000066                __UCA0RXBUF = 0x66
                0x00000067                __UCA0TXBUF = 0x67
                0x0000005d                __UCA0ABCTL = 0x5d
                0x0000005e                __UCA0IRTCTL = 0x5e
                0x0000005f                __UCA0IRRCTL = 0x5f
                0x00000068                __UCB0CTL0 = 0x68
                0x00000069                __UCB0CTL1 = 0x69
                0x0000006a                __UCB0BR0 = 0x6a
                0x0000006b                __UCB0BR1 = 0x6b
                0x0000006c                __UCB0I2CIE = 0x6c
                0x0000006d                __UCB0STAT = 0x6d
                0x0000006e                __UCB0RXBUF = 0x6e
                0x0000006f                __UCB0TXBUF = 0x6f
                0x00000118                __UCB0I2COA = 0x118
                0x0000011a                __UCB0I2CSA = 0x11a
                0x000000d0                __UCA1CTL0 = 0xd0
                0x000000d1                __UCA1CTL1 = 0xd1
                0x000000d2                __UCA1BR0 = 0xd2
                0x000000d3                __UCA1BR1 = 0xd3
                0x000000d4                __UCA1MCTL = 0xd4
                0x000000d5                __UCA1STAT = 0xd5
                0x000000d6                __UCA1RXBUF = 0xd6
                0x000000d7                __UCA1TXBUF = 0xd7
                0x000000cd                __UCA1ABCTL = 0xcd
                0x000000ce                __UCA1IRTCTL = 0xce
                0x000000cf                __UCA1IRRCTL = 0xcf
                0x000000d8                __UCB1CTL0 = 0xd8
                0x000000d9                __UCB1CTL1 = 0xd9
                0x000000da                __UCB1BR0 = 0xda
                0x000000db                __UCB1BR1 = 0xdb
                0x000000dc                __UCB1I2CIE = 0xdc
                0x000000dd                __UCB1STAT = 0xdd
                0x000000de                __UCB1RXBUF = 0xde
                0x000000df                __UCB1TXBUF = 0xdf
                0x0000017c                __UCB1I2COA = 0x17c
                0x0000017e                __UCB1I2CSA = 0x17e
                0x00000120                __WDTCTL = 0x120
                0x000010c0                __TLV_CHECKSUM = 0x10c0
                0x000010f6                __TLV_DCO_30_TAG = 0x10f6
                0x000010f7                __TLV_DCO_30_LEN = 0x10f7
                0x000010da                __TLV_ADC12_1_TAG = 0x10da
                0x000010db                __TLV_ADC12_1_LEN = 0x10db
                0x000010f8                __CALDCO_16MHZ = 0x10f8
                0x000010f9                __CALBC1_16MHZ = 0x10f9
                0x000010fa                __CALDCO_12MHZ = 0x10fa
                0x000010fb                __CALBC1_12MHZ = 0x10fb
                0x000010fc                __CALDCO_8MHZ = 0x10fc
                0x000010fd                __CALBC1_8MHZ = 0x10fd
                0x000010fe                __CALDCO_1MHZ = 0x10fe
                0x000010ff                __CALBC1_1MHZ = 0x10ff

.hash
 *(.hash)

.dynsym
 *(.dynsym)

.dynstr
 *(.dynstr)

.gnu.version
 *(.gnu.version)

.gnu.version_d
 *(.gnu.version_d)

.gnu.version_r
 *(.gnu.version_r)

.rel.init
 *(.rel.init)

.rela.init
 *(.rela.init)

.rel.fini
 *(.rel.fini)

.rela.fini
 *(.rela.fini)

.rel.text
 *(.rel.text .rel.text.* .rel.gnu.linkonce.t.*)

.rela.text
 *(.rela.text .rela.text.* .rela.gnu.linkonce.t.*)

.rel.rodata
 *(.rel.rodata .rel.rodata.* .rel.gnu.linkonce.r.*)

.rela.rodata
 *(.rela.rodata .rela.rodata.* .rela.gnu.linkonce.r.*)

.rel.data
 *(.rel.data .rel.data.* .rel.gnu.linkonce.d.*)

.rela.data
 *(.rela.data .rela.data.* .rela.gnu.linkonce.d.*)

.rel.bss
 *(.rel.bss .rel.bss.* .rel.gnu.linkonce.b.*)

.rela.bss
 *(.rela.bss .rela.bss.* .rela.gnu.linkonce.b.*)

.rel.ctors
 *(.rel.ctors)

.rela.ctors
 *(.rela.ctors)

.rel.dtors
 *(.rel.dtors)

.rela.dtors
 *(.rela.dtors)

.rel.got
 *(.rel.got)

.rela.got
 *(.rela.got)

.rel.plt
 *(.rel.plt)

.rela.plt
 *(.rela.plt)

.text           0x00003100     0xc4a4
                0x00003100                . = ALIGN (0x2)
 *(.init .init.*)
 *(.init0)
 .init0         0x00003100        0x0 /usr/local/msp430/bin/../lib/gcc/msp430/4.7.0/mcpu-430x/mmpy-16/msr20/mc20/libcrt0.a(_reset_vector__.o)
                0x00003100                _reset_vector__
 *(.init1)
 .init1         0x00003100        0xc /usr/local/msp430/bin/../lib/gcc/msp430/4.7.0/mcpu-430x/mmpy-16/msr20/mc20/libcrt0.a(__watchdog_support.o)
                0x00003100                __watchdog_support
 *(.init2)
 .init2         0x0000310c        0x4 /usr/local/msp430/bin/../lib/gcc/msp430/4.7.0/mcpu-430x/mmpy-16/msr20/mc20/libcrt0.a(__init_stack.o)
                0x0000310c                __init_stack
 *(.init3)
 .init3         0x00003110        0x0 /usr/local/msp430/bin/../lib/gcc/msp430/4.7.0/mcpu-430x/mmpy-16/msr20/mc20/libcrt0.a(__low_level_init.o)
                0x00003110                __low_level_init
 *(.init4)
 .init4         0x00003110       0x18 /usr/local/msp430/bin/../lib/gcc/msp430/4.7.0/mcpu-430x/mmpy-16/msr20/mc20/libcrt0.a(_copy_data.o)
                0x00003110                __do_copy_data
 .init4         0x00003128       0x16 /usr/local/msp430/bin/../lib/gcc/msp430/4.7.0/mcpu-430x/mmpy-16/msr20/mc20/libcrt0.a(_clear_bss.o)
                0x00003128                __do_clear_bss
 *(.init5)
 *(.init6)
 *(.init7)
 *(.init8)
 *(.init9)
 .init9         0x0000313e      0x348 obj_z1/contiki-z1-main.o
                0x0000313e                main
 *(.fini9)
 .fini9         0x00003486        0x0 /usr/local/msp430/bin/../lib/gcc/msp430/4.7.0/mcpu-430x/mmpy-16/msr20/mc20/libcrt0.a(__stop_progExec__.o)
                0x00003486                __stop_progExec__
 *(.fini8)
 *(.fini7)
 *(.fini6)
 *(.fini5)
 *(.fini4)
 *(.fini3)
 *(.fini2)
 *(.fini1)
 *(.fini0)
 .fini0         0x00003486        0x6 /usr/local/msp430/bin/../lib/gcc/msp430/4.7.0/mcpu-430x/mmpy-16/msr20/mc20/libcrt0.a(_endless_loop__.o)
                0x00003486                _endless_loop__
 *(.fini .fini.*)
                0x0000348c                . = ALIGN (0x2)
                0x0000348c                __ctors_start = .
 *(.ctors)
                0x0000348c                __ctors_end = .
                0x0000348c                __dtors_start = .
 *(.dtors)
                0x0000348c                __dtors_end = .
                0x0000348c                . = ALIGN (0x2)
 *(.text .text.* .gnu.linkonce.t.*)
 .text          0x0000348c        0x4 /usr/local/msp430/bin/../lib/gcc/msp430/4.7.0/mcpu-430x/mmpy-16/msr20/mc20/crt0ivtbl32.o
                0x0000348c                __isr_14
                0x0000348c                __isr_4
                0x0000348c                __isr_29
                0x0000348c                __isr_11
                0x0000348c                __isr_5
                0x0000348c                __isr_2
                0x0000348c                __isr_10
                0x0000348c                __isr_7
                0x0000348c                __isr_0
                0x0000348c                __isr_28
                0x0000348c                __isr_8
                0x0000348c                __isr_20
                0x0000348c                __isr_3
                0x0000348c                __isr_12
                0x0000348c                __isr_13
                0x0000348c                __isr_27
                0x0000348c                __isr_9
                0x0000348c                __isr_30
                0x0000348c                __isr_6
                0x0000348c                __isr_22
                0x0000348c                __isr_1
                0x0000348c                __isr_15
                0x0000348c                __isr_21
 .text.libgcc   0x00003490       0x26 /usr/local/msp430/bin/../lib/gcc/msp430/4.7.0/mcpu-430x/mmpy-16/msr20/mc20/libgcc.a(_mulsi3.o)
                0x00003490                __mulsi3
 .text.libgcc   0x000034b6       0x22 /usr/local/msp430/bin/../lib/gcc/msp430/4.7.0/mcpu-430x/mmpy-16/msr20/mc20/libgcc.a(_udivmod16.o)
                0x000034b6                __udivhi3
                0x000034b6                __ext_udivmod16
                0x000034d0                __umodhi3
 .text.libgcc   0x000034d8       0x3a /usr/local/msp430/bin/../lib/gcc/msp430/4.7.0/mcpu-430x/mmpy-16/msr20/mc20/libgcc.a(_divmod16.o)
                0x000034d8                __ext_divmod16
                0x000034d8                __divhi3
                0x0000350a                __modhi3
 .text.libgcc   0x00003512       0x38 /usr/local/msp430/bin/../lib/gcc/msp430/4.7.0/mcpu-430x/mmpy-16/msr20/mc20/libgcc.a(_udivmod32.o)
                0x00003512                __udivsi3
                0x00003512                __ext_udivmod32
                0x00003540                __umodsi3
 .text.libgcc   0x0000354a       0x4c /usr/local/msp430/bin/../lib/gcc/msp430/4.7.0/mcpu-430x/mmpy-16/msr20/mc20/libgcc.a(_divmod32.o)
                0x0000354a                __ext_divmod32
                0x0000354a                __divsi3
                0x0000358c                __modsi3
 .text.printf   0x00003596       0x10 /usr/local/msp430/bin/../lib/gcc/msp430/4.7.0/../../../../msp430/lib/mcpu-430x/mmpy-16/msr20/mc20/libc.a(printf.o)
                0x00003596                printf
 .text.append   0x000035a6       0x22 /usr/local/msp430/bin/../lib/gcc/msp430/4.7.0/../../../../msp430/lib/mcpu-430x/mmpy-16/msr20/mc20/libc.a(sprintf.o)
 .text.call_vuprintf
                0x000035c8       0x36 /usr/local/msp430/bin/../lib/gcc/msp430/4.7.0/../../../../msp430/lib/mcpu-430x/mmpy-16/msr20/mc20/libc.a(sprintf.o)
 .text.snprintf
                0x000035fe       0x1c /usr/local/msp430/bin/../lib/gcc/msp430/4.7.0/../../../../msp430/lib/mcpu-430x/mmpy-16/msr20/mc20/libc.a(sprintf.o)
                0x000035fe                snprintf
 .text.print_field
                0x0000361a      0x176 /usr/local/msp430/bin/../lib/gcc/msp430/4.7.0/../../../../msp430/lib/mcpu-430x/mmpy-16/msr20/mc20/libc.a(vuprintf.o)
 .text.vuprintf
                0x00003790      0x74c /usr/local/msp430/bin/../lib/gcc/msp430/4.7.0/../../../../msp430/lib/mcpu-430x/mmpy-16/msr20/mc20/libc.a(vuprintf.o)
                0x00003790                vuprintf
 .text.puts     0x00003edc       0x2c /usr/local/msp430/bin/../lib/gcc/msp430/4.7.0/../../../../msp430/lib/mcpu-430x/mmpy-16/msr20/mc20/libc.a(puts.o)
                0x00003edc                puts
 .text.rand     0x00003f08       0x26 /usr/local/msp430/bin/../lib/gcc/msp430/4.7.0/../../../../msp430/lib/mcpu-430x/mmpy-16/msr20/mc20/libc.a(rand.o)
                0x00003f08                rand
 .text.srand    0x00003f2e        0xa /usr/local/msp430/bin/../lib/gcc/msp430/4.7.0/../../../../msp430/lib/mcpu-430x/mmpy-16/msr20/mc20/libc.a(rand.o)
                0x00003f2e                srand
 .text.strncmp  0x00003f38       0x2a /usr/local/msp430/bin/../lib/gcc/msp430/4.7.0/../../../../msp430/lib/mcpu-430x/mmpy-16/msr20/mc20/libc.a(strncmp.o)
                0x00003f38                strncmp
 .text.memcmp   0x00003f62       0x2c /usr/local/msp430/bin/../lib/gcc/msp430/4.7.0/../../../../msp430/lib/mcpu-430x/mmpy-16/msr20/mc20/libc.a(memcmp.o)
                0x00003f62                memcmp
 .text.memcpy   0x00003f8e       0xe8 /usr/local/msp430/bin/../lib/gcc/msp430/4.7.0/../../../../msp430/lib/mcpu-430x/mmpy-16/msr20/mc20/libc.a(memcpy.o)
                0x00003f8e                memcpy
 .text.memmove  0x00004076       0xe8 /usr/local/msp430/bin/../lib/gcc/msp430/4.7.0/../../../../msp430/lib/mcpu-430x/mmpy-16/msr20/mc20/libc.a(memmove.o)
                0x00004076                memmove
 .text.memset   0x0000415e       0x5c /usr/local/msp430/bin/../lib/gcc/msp430/4.7.0/../../../../msp430/lib/mcpu-430x/mmpy-16/msr20/mc20/libc.a(memset.o)
                0x0000415e                memset
 .text.libgcc   0x000041ba       0xbc /usr/local/msp430/bin/../lib/gcc/msp430/4.7.0/mcpu-430x/mmpy-16/msr20/mc20/libgcc.a(_udivmod64.o)
                0x000041ba                __xabi_udivmod64
                0x0000420c                __udivdi3
                0x00004226                __umoddi3
                0x00004248                __udivmoddi4
 .text.crt0     0x00004276        0x2 /usr/local/msp430/bin/../lib/gcc/msp430/4.7.0/mcpu-430x/mmpy-16/msr20/mc20/libcrt0.a(_unexpected_.o)
                0x00004276                _unexpected_
 *(.near.text .near.text.*)
 .near.text.watchdog_interrupt
                0x00004278        0x6 contiki-z1.a(watchdog.o)
                0x00004278                __isr_26
                0x00004278                watchdog_interrupt
 .near.text.uart0_rx_interrupt
                0x0000427e       0x64 contiki-z1.a(uart0.o)
                0x0000427e                __isr_23
                0x0000427e                uart0_rx_interrupt
 .near.text.port1_isr
                0x000042e2       0xbe contiki-z1.a(adxl345.o)
                0x000042e2                port1_isr
                0x000042e2                __isr_18
 .near.text.timera1
                0x000043a0      0x10a contiki-z1.a(clock.o)
                0x000043a0                __isr_24
                0x000043a0                timera1
 .near.text.timera0
                0x000044aa       0x5c contiki-z1.a(rtimer-arch.o)
                0x000044aa                __isr_25
                0x000044aa                timera0
 .near.text.i2c_tx_interrupt
                0x00004506       0x84 contiki-z1.a(i2cmaster.o)
                0x00004506                __isr_16
                0x00004506                i2c_tx_interrupt
 .near.text.i2c_rx_interrupt
                0x0000458a       0x14 contiki-z1.a(i2cmaster.o)
                0x0000458a                i2c_rx_interrupt
                0x0000458a                __isr_17
 .near.text.irq_p2
                0x0000459e       0x76 contiki-z1.a(button-sensor.o)
                0x0000459e                irq_p2
                0x0000459e                __isr_19
 .any.text.process_thread_mqtt_demo_process
                0x00004614      0x4a6 mqtt-example.co
 .any.text.publish_led_off
                0x00004aba        0x8 mqtt-example.co
 .any.text.mqtt_event
                0x00004ac2      0x110 mqtt-example.co
 .any.text.encode_remaining_length
                0x00004bd2       0x4c contiki-z1.a(mqtt.o)
 .any.text.call_event
                0x00004c1e       0x1a contiki-z1.a(mqtt.o)
 .any.text.reset_packet
                0x00004c38       0x16 contiki-z1.a(mqtt.o)
 .any.text.handle_publish
                0x00004c4e       0x2e contiki-z1.a(mqtt.o)
 .any.text.tcp_input
                0x00004c7c      0x43a contiki-z1.a(mqtt.o)
 .any.text.abort_connection
                0x000050b6       0x46 contiki-z1.a(mqtt.o)
 .any.text.send_out_buffer
                0x000050fc       0x24 contiki-z1.a(mqtt.o)
 .any.text.write_byte
                0x00005120       0x26 contiki-z1.a(mqtt.o)
 .any.text.string_to_mqtt_string
                0x00005146       0x26 contiki-z1.a(mqtt.o)
 .any.text.keep_alive_callback
                0x0000516c       0x3e contiki-z1.a(mqtt.o)
 .any.text.write_bytes
                0x000051aa       0x86 contiki-z1.a(mqtt.o)
 .any.text.connect_tcp
                0x00005230       0x6a contiki-z1.a(mqtt.o)
 .any.text.tcp_event
                0x0000529a       0x94 contiki-z1.a(mqtt.o)
 .any.text.mqtt_init
                0x0000532e       0x76 contiki-z1.a(mqtt.o)
                0x0000532e                mqtt_init
 .any.text.mqtt_register
                0x000053a4       0x6c contiki-z1.a(mqtt.o)
                0x000053a4                mqtt_register
 .any.text.mqtt_connect
                0x00005410       0x5c contiki-z1.a(mqtt.o)
                0x00005410                mqtt_connect
 .any.text.mqtt_disconnect
                0x0000546c       0x1c contiki-z1.a(mqtt.o)
                0x0000546c                mqtt_disconnect
 .any.text.process_thread_mqtt_process
                0x00005488     0x1080 contiki-z1.a(mqtt.o)
 .any.text.mqtt_subscribe
                0x00006508       0x58 contiki-z1.a(mqtt.o)
                0x00006508                mqtt_subscribe
 .any.text.mqtt_publish
                0x00006560       0x70 contiki-z1.a(mqtt.o)
                0x00006560                mqtt_publish
 .any.text.init_platform
                0x000065d0        0xc contiki-z1.a(contiki-z1-plat)
                0x000065d0                init_platform
 .any.text.msp430_init_dco
                0x000065dc       0x28 contiki-z1.a(msp430.o)
                0x000065dc                msp430_init_dco
 .any.text.splhigh_
                0x00006604        0x8 contiki-z1.a(msp430.o)
                0x00006604                splhigh_
 .any.text.msp430_sync_dco
                0x0000660c       0x6e contiki-z1.a(msp430.o)
                0x0000660c                msp430_sync_dco
 .any.text.msp430_cpu_init
                0x0000667a       0x2e contiki-z1.a(msp430.o)
                0x0000667a                msp430_cpu_init
 .any.text.show_leds
                0x000066a8       0xe8 contiki-z1.a(leds.o)
 .any.text.leds_init
                0x00006790        0xa contiki-z1.a(leds.o)
                0x00006790                leds_init
 .any.text.leds_on
                0x0000679a        0xa contiki-z1.a(leds.o)
                0x0000679a                leds_on
 .any.text.leds_off
                0x000067a4        0xe contiki-z1.a(leds.o)
                0x000067a4                leds_off
 .any.text.watchdog_start
                0x000067b2       0x14 contiki-z1.a(watchdog.o)
                0x000067b2                watchdog_start
 .any.text.watchdog_periodic
                0x000067c6       0x12 contiki-z1.a(watchdog.o)
                0x000067c6                watchdog_periodic
 .any.text.watchdog_stop
                0x000067d8       0x16 contiki-z1.a(watchdog.o)
                0x000067d8                watchdog_stop
 .any.text.watchdog_init
                0x000067ee       0x12 contiki-z1.a(watchdog.o)
                0x000067ee                watchdog_init
 .any.text.wait_ready
                0x00006800       0x46 contiki-z1.a(xmem.o)
 .any.text.xmem_init
                0x00006846       0x1e contiki-z1.a(xmem.o)
                0x00006846                xmem_init
 .any.text.xmem_pread
                0x00006864       0xc2 contiki-z1.a(xmem.o)
                0x00006864                xmem_pread
 .any.text.spi_init
                0x00006926       0x32 contiki-z1.a(spi.o)
                0x00006926                spi_init
 .any.text.get_object
                0x00006958        0x4 contiki-z1.a(cc2420.o)
 .any.text.set_object
                0x0000695c        0x4 contiki-z1.a(cc2420.o)
 .any.text.strobe
                0x00006960       0x1a contiki-z1.a(cc2420.o)
 .any.text.getreg
                0x0000697a       0x46 contiki-z1.a(cc2420.o)
 .any.text.setreg
                0x000069c0       0x44 contiki-z1.a(cc2420.o)
 .any.text.write_ram
                0x00006a04       0x72 contiki-z1.a(cc2420.o)
 .any.text.write_fifo_buf
                0x00006a76       0x38 contiki-z1.a(cc2420.o)
 .any.text.get_status
                0x00006aae       0x1e contiki-z1.a(cc2420.o)
 .any.text.set_txpower
                0x00006acc       0x24 contiki-z1.a(cc2420.o)
 .any.text.cc2420_receiving_packet
                0x00006af0        0xa contiki-z1.a(cc2420.o)
 .any.text.pending_packet
                0x00006afa        0xa contiki-z1.a(cc2420.o)
 .any.text.on   0x00006b04       0x26 contiki-z1.a(cc2420.o)
 .any.text.wait_for_transmission
                0x00006b2a       0x22 contiki-z1.a(cc2420.o)
 .any.text.wait_for_status
                0x00006b4c       0x24 contiki-z1.a(cc2420.o)
 .any.text.getrxdata
                0x00006b70       0x4c contiki-z1.a(cc2420.o)
 .any.text.flushrx
                0x00006bbc       0x1a contiki-z1.a(cc2420.o)
 .any.text.off  0x00006bd6       0x5a contiki-z1.a(cc2420.o)
 .any.text.RELEASE_LOCK
                0x00006c30       0x28 contiki-z1.a(cc2420.o)
 .any.text.set_frame_filtering
                0x00006c58       0x30 contiki-z1.a(cc2420.o)
 .any.text.set_auto_ack
                0x00006c88       0x30 contiki-z1.a(cc2420.o)
 .any.text.set_poll_mode
                0x00006cb8       0x2c contiki-z1.a(cc2420.o)
 .any.text.cc2420_prepare
                0x00006ce4       0x38 contiki-z1.a(cc2420.o)
 .any.text.cc2420_on
                0x00006d1c       0x22 contiki-z1.a(cc2420.o)
                0x00006d1c                cc2420_on
 .any.text.cc2420_off
                0x00006d3e       0x30 contiki-z1.a(cc2420.o)
                0x00006d3e                cc2420_off
 .any.text.cc2420_cca
                0x00006d6e       0x54 contiki-z1.a(cc2420.o)
 .any.text.cc2420_read
                0x00006dc2       0xb8 contiki-z1.a(cc2420.o)
 .any.text.process_thread_cc2420_process
                0x00006e7a       0x5c contiki-z1.a(cc2420.o)
 .any.text.cc2420_set_channel
                0x00006ed6       0x3a contiki-z1.a(cc2420.o)
                0x00006ed6                cc2420_set_channel
 .any.text.cc2420_set_pan_addr
                0x00006f10       0x4c contiki-z1.a(cc2420.o)
                0x00006f10                cc2420_set_pan_addr
 .any.text.cc2420_interrupt
                0x00006f5c       0x16 contiki-z1.a(cc2420.o)
                0x00006f5c                cc2420_interrupt
 .any.text.cc2420_set_txpower
                0x00006f72        0xe contiki-z1.a(cc2420.o)
                0x00006f72                cc2420_set_txpower
 .any.text.cc2420_get_txpower
                0x00006f80       0x1e contiki-z1.a(cc2420.o)
                0x00006f80                cc2420_get_txpower
 .any.text.cc2420_transmit
                0x00006f9e      0x10e contiki-z1.a(cc2420.o)
 .any.text.cc2420_send
                0x000070ac       0x12 contiki-z1.a(cc2420.o)
 .any.text.cc2420_rssi
                0x000070be       0x48 contiki-z1.a(cc2420.o)
                0x000070be                cc2420_rssi
 .any.text.get_value
                0x00007106      0x104 contiki-z1.a(cc2420.o)
 .any.text.cc2420_set_cca_threshold
                0x0000720a       0x16 contiki-z1.a(cc2420.o)
                0x0000720a                cc2420_set_cca_threshold
 .any.text.set_value
                0x00007220       0xb2 contiki-z1.a(cc2420.o)
 .any.text.cc2420_init
                0x000072d2       0xea contiki-z1.a(cc2420.o)
                0x000072d2                cc2420_init
 .any.text.cc2420_arch_init
                0x000073bc       0x1a contiki-z1.a(cc2420-arch.o)
                0x000073bc                cc2420_arch_init
 .any.text.node_id_restore
                0x000073d6       0x4c contiki-z1.a(node-id.o)
                0x000073d6                node_id_restore
 .any.text.process_thread_sensors_process
                0x00007422       0xc2 contiki-z1.a(sensors.o)
 .any.text.sensors_changed
                0x000074e4       0x2a contiki-z1.a(sensors.o)
                0x000074e4                sensors_changed
 .any.text.uart0_active
                0x0000750e        0xe contiki-z1.a(uart0.o)
                0x0000750e                uart0_active
 .any.text.uart0_writeb
                0x0000751c       0x16 contiki-z1.a(uart0.o)
                0x0000751c                uart0_writeb
 .any.text.uart0_init
                0x00007532       0x4e contiki-z1.a(uart0.o)
                0x00007532                uart0_init
 .any.text.putchar
                0x00007580       0x10 contiki-z1.a(uart0-putchar.o)
                0x00007580                putchar
 .any.text.status
                0x00007590       0x12 contiki-z1.a(adxl345.o)
 .any.text.accm_write_reg
                0x000075a2       0x2e contiki-z1.a(adxl345.o)
 .any.text.accm_write_stream
                0x000075d0       0x2a contiki-z1.a(adxl345.o)
 .any.text.accm_read_reg
                0x000075fa       0x54 contiki-z1.a(adxl345.o)
 .any.text.process_thread_accmeter_process
                0x0000764e       0x56 contiki-z1.a(adxl345.o)
 .any.text.accm_read_axis.part.0
                0x000076a4       0x5a contiki-z1.a(adxl345.o)
 .any.text.value
                0x000076fe       0x1e contiki-z1.a(adxl345.o)
 .any.text.accm_init
                0x0000771c       0x78 contiki-z1.a(adxl345.o)
                0x0000771c                accm_init
 .any.text.accm_stop
                0x00007794       0x32 contiki-z1.a(adxl345.o)
                0x00007794                accm_stop
 .any.text.configure
                0x000077c6       0x26 contiki-z1.a(adxl345.o)
 .any.text.status
                0x000077ec       0x12 contiki-z1.a(tmp102.o)
 .any.text.tmp102_init
                0x000077fe       0x24 contiki-z1.a(tmp102.o)
                0x000077fe                tmp102_init
 .any.text.tmp102_stop
                0x00007822        0xa contiki-z1.a(tmp102.o)
                0x00007822                tmp102_stop
 .any.text.configure
                0x0000782c       0x26 contiki-z1.a(tmp102.o)
 .any.text.tmp102_read_reg
                0x00007852       0x5e contiki-z1.a(tmp102.o)
                0x00007852                tmp102_read_reg
 .any.text.tmp102_read_temp_x100
                0x000078b0       0x58 contiki-z1.a(tmp102.o)
                0x000078b0                tmp102_read_temp_x100
 .any.text.value
                0x00007908        0x6 contiki-z1.a(tmp102.o)
 .any.text.clock_time
                0x0000790e       0x1a contiki-z1.a(clock.o)
                0x0000790e                clock_time
 .any.text.clock_init
                0x00007928       0x28 contiki-z1.a(clock.o)
                0x00007928                clock_init
 .any.text.clock_delay
                0x00007950        0xc contiki-z1.a(clock.o)
                0x00007950                clock_delay
 .any.text.clock_wait
                0x0000795c       0x24 contiki-z1.a(clock.o)
                0x0000795c                clock_wait
 .any.text.clock_seconds
                0x00007980       0x1a contiki-z1.a(clock.o)
                0x00007980                clock_seconds
 .any.text.leds_arch_init
                0x0000799a        0xe contiki-z1.a(leds-arch.o)
                0x0000799a                leds_arch_init
 .any.text.leds_arch_set
                0x000079a8       0x38 contiki-z1.a(leds-arch.o)
                0x000079a8                leds_arch_set
 .any.text.rtimer_arch_init
                0x000079e0        0xe contiki-z1.a(rtimer-arch.o)
                0x000079e0                rtimer_arch_init
 .any.text.rtimer_arch_now
                0x000079ee        0xe contiki-z1.a(rtimer-arch.o)
                0x000079ee                rtimer_arch_now
 .any.text.rtimer_arch_schedule
                0x000079fc        0x6 contiki-z1.a(rtimer-arch.o)
                0x000079fc                rtimer_arch_schedule
 .any.text.autostart_start
                0x00007a02       0x16 contiki-z1.a(autostart.o)
                0x00007a02                autostart_start
 .any.text.process_thread_ctimer_process
                0x00007a18       0xa0 contiki-z1.a(ctimer.o)
 .any.text.ctimer_init
                0x00007ab8       0x18 contiki-z1.a(ctimer.o)
                0x00007ab8                ctimer_init
 .any.text.ctimer_set_with_process
                0x00007ad0       0x4a contiki-z1.a(ctimer.o)
                0x00007ad0                ctimer_set_with_process
 .any.text.ctimer_set
                0x00007b1a       0x10 contiki-z1.a(ctimer.o)
                0x00007b1a                ctimer_set
 .any.text.ctimer_reset
                0x00007b2a       0x2c contiki-z1.a(ctimer.o)
                0x00007b2a                ctimer_reset
 .any.text.ctimer_restart
                0x00007b56       0x2c contiki-z1.a(ctimer.o)
                0x00007b56                ctimer_restart
 .any.text.ctimer_stop
                0x00007b82       0x28 contiki-z1.a(ctimer.o)
                0x00007b82                ctimer_stop
 .any.text.energest_init
                0x00007baa       0x24 contiki-z1.a(energest.o)
                0x00007baa                energest_init
 .any.text.energest_type_time
                0x00007bce       0x3c contiki-z1.a(energest.o)
                0x00007bce                energest_type_time
 .any.text.energest_type_set
                0x00007c0a        0xc contiki-z1.a(energest.o)
                0x00007c0a                energest_type_set
 .any.text.energest_flush
                0x00007c16       0x38 contiki-z1.a(energest.o)
                0x00007c16                energest_flush
 .any.text.update_time
                0x00007c4e       0x70 contiki-z1.a(etimer.o)
 .any.text.etimer_request_poll
                0x00007cbe        0xa contiki-z1.a(etimer.o)
                0x00007cbe                etimer_request_poll
 .any.text.process_thread_etimer_process
                0x00007cc8       0xc4 contiki-z1.a(etimer.o)
 .any.text.add_timer
                0x00007d8c       0x40 contiki-z1.a(etimer.o)
 .any.text.etimer_set
                0x00007dcc       0x12 contiki-z1.a(etimer.o)
                0x00007dcc                etimer_set
 .any.text.etimer_reset
                0x00007dde       0x12 contiki-z1.a(etimer.o)
                0x00007dde                etimer_reset
 .any.text.etimer_restart
                0x00007df0       0x12 contiki-z1.a(etimer.o)
                0x00007df0                etimer_restart
 .any.text.etimer_expired
                0x00007e02        0xe contiki-z1.a(etimer.o)
                0x00007e02                etimer_expired
 .any.text.etimer_expiration_time
                0x00007e10       0x14 contiki-z1.a(etimer.o)
                0x00007e10                etimer_expiration_time
 .any.text.etimer_pending
                0x00007e24        0xc contiki-z1.a(etimer.o)
                0x00007e24                etimer_pending
 .any.text.etimer_next_expiration_time
                0x00007e30       0x16 contiki-z1.a(etimer.o)
                0x00007e30                etimer_next_expiration_time
 .any.text.etimer_stop
                0x00007e46       0x3e contiki-z1.a(etimer.o)
                0x00007e46                etimer_stop
 .any.text.call_process
                0x00007e84       0x40 contiki-z1.a(process.o)
 .any.text.exit_process
                0x00007ec4       0x88 contiki-z1.a(process.o)
 .any.text.do_poll
                0x00007f4c       0x30 contiki-z1.a(process.o)
 .any.text.process_alloc_event
                0x00007f7c        0xe contiki-z1.a(process.o)
                0x00007f7c                process_alloc_event
 .any.text.process_init
                0x00007f8a       0x1c contiki-z1.a(process.o)
                0x00007f8a                process_init
 .any.text.process_run
                0x00007fa6       0x8c contiki-z1.a(process.o)
                0x00007fa6                process_run
 .any.text.process_nevents
                0x00008032        0xe contiki-z1.a(process.o)
                0x00008032                process_nevents
 .any.text.process_post
                0x00008040       0x4a contiki-z1.a(process.o)
                0x00008040                process_post
 .any.text.process_post_synch
                0x0000808a       0x12 contiki-z1.a(process.o)
                0x0000808a                process_post_synch
 .any.text.process_start
                0x0000809c       0x36 contiki-z1.a(process.o)
                0x0000809c                process_start
 .any.text.process_poll
                0x000080d2       0x18 contiki-z1.a(process.o)
                0x000080d2                process_poll
 .any.text.rtimer_init
                0x000080ea        0x6 contiki-z1.a(rtimer.o)
                0x000080ea                rtimer_init
 .any.text.rtimer_run_next
                0x000080f0       0x26 contiki-z1.a(rtimer.o)
                0x000080f0                rtimer_run_next
 .any.text.timer_set
                0x00008116       0x1c contiki-z1.a(timer.o)
                0x00008116                timer_set
 .any.text.timer_reset
                0x00008132        0xe contiki-z1.a(timer.o)
                0x00008132                timer_reset
 .any.text.timer_restart
                0x00008140       0x14 contiki-z1.a(timer.o)
                0x00008140                timer_restart
 .any.text.timer_expired
                0x00008154       0x2a contiki-z1.a(timer.o)
                0x00008154                timer_expired
 .any.text.list_init
                0x0000817e        0x6 contiki-z1.a(list.o)
                0x0000817e                list_init
 .any.text.list_head
                0x00008184        0x4 contiki-z1.a(list.o)
                0x00008184                list_head
 .any.text.list_tail
                0x00008188       0x12 contiki-z1.a(list.o)
                0x00008188                list_tail
 .any.text.list_remove
                0x0000819a       0x34 contiki-z1.a(list.o)
                0x0000819a                list_remove
 .any.text.list_push
                0x000081ce       0x16 contiki-z1.a(list.o)
                0x000081ce                list_push
 .any.text.list_add
                0x000081e4       0x26 contiki-z1.a(list.o)
                0x000081e4                list_add
 .any.text.list_length
                0x0000820a       0x10 contiki-z1.a(list.o)
                0x0000820a                list_length
 .any.text.list_item_next
                0x0000821a        0xc contiki-z1.a(list.o)
                0x0000821a                list_item_next
 .any.text.random_init
                0x00008226        0x6 contiki-z1.a(random.o)
                0x00008226                random_init
 .any.text.random_rand
                0x0000822c        0x6 contiki-z1.a(random.o)
                0x0000822c                random_rand
 .any.text.clear_fragments
                0x00008232       0x38 contiki-z1.a(sicslowpan.o)
 .any.text.set_packet_attrs
                0x0000826a       0x46 contiki-z1.a(sicslowpan.o)
 .any.text.addr_context_lookup_by_number
                0x000082b0       0x30 contiki-z1.a(sicslowpan.o)
 .any.text.compress_addr_64
                0x000082e0       0x9a contiki-z1.a(sicslowpan.o)
 .any.text.store_fragment
                0x0000837a       0x6e contiki-z1.a(sicslowpan.o)
 .any.text.uncompress_addr
                0x000083e8       0x96 contiki-z1.a(sicslowpan.o)
 .any.text.sicslowpan_init
                0x0000847e       0x24 contiki-z1.a(sicslowpan.o)
                0x0000847e                sicslowpan_init
 .any.text.addr_context_lookup_by_prefix
                0x000084a2       0x4a contiki-z1.a(sicslowpan.o)
 .any.text.packet_sent
                0x000084ec       0x22 contiki-z1.a(sicslowpan.o)
 .any.text.add_fragment
                0x0000850e      0x160 contiki-z1.a(sicslowpan.o)
 .any.text.input
                0x0000866e      0x60e contiki-z1.a(sicslowpan.o)
 .any.text.send_packet
                0x00008c7c       0x1a contiki-z1.a(sicslowpan.o)
 .any.text.output
                0x00008c96      0x67c contiki-z1.a(sicslowpan.o)
 .any.text.chksum
                0x00009312       0x32 contiki-z1.a(uip6.o)
 .any.text.upper_layer_chksum
                0x00009344       0x56 contiki-z1.a(uip6.o)
 .any.text.ext_hdr_options_process
                0x0000939a       0xc2 contiki-z1.a(uip6.o)
 .any.text.uip_add32
                0x0000945c       0x60 contiki-z1.a(uip6.o)
                0x0000945c                uip_add32
 .any.text.uip_add_rcv_nxt
                0x000094bc       0x2e contiki-z1.a(uip6.o)
 .any.text.uip_icmp6chksum
                0x000094ea        0xa contiki-z1.a(uip6.o)
                0x000094ea                uip_icmp6chksum
 .any.text.uip_tcpchksum
                0x000094f4        0xa contiki-z1.a(uip6.o)
                0x000094f4                uip_tcpchksum
 .any.text.uip_udpchksum
                0x000094fe        0xa contiki-z1.a(uip6.o)
                0x000094fe                uip_udpchksum
 .any.text.uip_init
                0x00009508       0x56 contiki-z1.a(uip6.o)
                0x00009508                uip_init
 .any.text.uip_connect
                0x0000955e      0x108 contiki-z1.a(uip6.o)
                0x0000955e                uip_connect
 .any.text.remove_ext_hdr
                0x00009666       0x50 contiki-z1.a(uip6.o)
                0x00009666                remove_ext_hdr
 .any.text.uip_unlisten
                0x000096b6       0x1a contiki-z1.a(uip6.o)
                0x000096b6                uip_unlisten
 .any.text.uip_process
                0x000096d0      0xd94 contiki-z1.a(uip6.o)
                0x000096d0                uip_process
 .any.text.uip_htons
                0x0000a464        0xc contiki-z1.a(uip6.o)
                0x0000a464                uip_htons
 .any.text.uip_htonl
                0x0000a470       0x2a contiki-z1.a(uip6.o)
                0x0000a470                uip_htonl
 .any.text.uip_send
                0x0000a49a       0x48 contiki-z1.a(uip6.o)
                0x0000a49a                uip_send
 .any.text.uip_ds6_list_loop
                0x0000a4e2       0x66 contiki-z1.a(uip-ds6.o)
                0x0000a4e2                uip_ds6_list_loop
 .any.text.uip_ds6_prefix_add
                0x0000a548       0x70 contiki-z1.a(uip-ds6.o)
                0x0000a548                uip_ds6_prefix_add
 .any.text.uip_ds6_is_addr_onlink
                0x0000a5b8       0x42 contiki-z1.a(uip-ds6.o)
                0x0000a5b8                uip_ds6_is_addr_onlink
 .any.text.uip_ds6_addr_lookup
                0x0000a5fa       0x2a contiki-z1.a(uip-ds6.o)
                0x0000a5fa                uip_ds6_addr_lookup
 .any.text.uip_ds6_get_link_local
                0x0000a624       0x3e contiki-z1.a(uip-ds6.o)
                0x0000a624                uip_ds6_get_link_local
 .any.text.uip_ds6_get_global
                0x0000a662       0x3e contiki-z1.a(uip-ds6.o)
                0x0000a662                uip_ds6_get_global
 .any.text.uip_ds6_maddr_add
                0x0000a6a0       0x48 contiki-z1.a(uip-ds6.o)
                0x0000a6a0                uip_ds6_maddr_add
 .any.text.uip_ds6_addr_add
                0x0000a6e8       0xb4 contiki-z1.a(uip-ds6.o)
                0x0000a6e8                uip_ds6_addr_add
 .any.text.uip_ds6_maddr_rm
                0x0000a79c        0xa contiki-z1.a(uip-ds6.o)
                0x0000a79c                uip_ds6_maddr_rm
 .any.text.uip_ds6_maddr_lookup
                0x0000a7a6       0x2a contiki-z1.a(uip-ds6.o)
                0x0000a7a6                uip_ds6_maddr_lookup
 .any.text.uip_ds6_addr_rm
                0x0000a7d0       0x54 contiki-z1.a(uip-ds6.o)
                0x0000a7d0                uip_ds6_addr_rm
 .any.text.uip_ds6_periodic
                0x0000a824       0x46 contiki-z1.a(uip-ds6.o)
                0x0000a824                uip_ds6_periodic
 .any.text.uip_ds6_set_addr_iid
                0x0000a86a       0x14 contiki-z1.a(uip-ds6.o)
                0x0000a86a                uip_ds6_set_addr_iid
 .any.text.get_match_length
                0x0000a87e       0x3c contiki-z1.a(uip-ds6.o)
                0x0000a87e                get_match_length
 .any.text.uip_ds6_select_src
                0x0000a8ba       0x9a contiki-z1.a(uip-ds6.o)
                0x0000a8ba                uip_ds6_select_src
 .any.text.uip_ds6_compute_reachable_time
                0x0000a954       0x36 contiki-z1.a(uip-ds6.o)
                0x0000a954                uip_ds6_compute_reachable_time
 .any.text.uip_ds6_init
                0x0000a98a      0x138 contiki-z1.a(uip-ds6.o)
                0x0000a98a                uip_ds6_init
 .any.text.uip_ds6_nbr_rm
                0x0000aac2       0x1e contiki-z1.a(uip-ds6-nbr.o)
                0x0000aac2                uip_ds6_nbr_rm
 .any.text.uip_ds6_neighbors_init
                0x0000aae0       0x12 contiki-z1.a(uip-ds6-nbr.o)
                0x0000aae0                uip_ds6_neighbors_init
 .any.text.uip_ds6_nbr_add
                0x0000aaf2       0x36 contiki-z1.a(uip-ds6-nbr.o)
                0x0000aaf2                uip_ds6_nbr_add
 .any.text.uip_ds6_nbr_get_ll
                0x0000ab28        0xc contiki-z1.a(uip-ds6-nbr.o)
                0x0000ab28                uip_ds6_nbr_get_ll
 .any.text.uip_ds6_nbr_lookup
                0x0000ab34       0x3e contiki-z1.a(uip-ds6-nbr.o)
                0x0000ab34                uip_ds6_nbr_lookup
 .any.text.uip_ds6_nbr_ll_lookup
                0x0000ab72        0xc contiki-z1.a(uip-ds6-nbr.o)
                0x0000ab72                uip_ds6_nbr_ll_lookup
 .any.text.uip_ds6_nbr_ipaddr_from_lladdr
                0x0000ab7e        0x6 contiki-z1.a(uip-ds6-nbr.o)
                0x0000ab7e                uip_ds6_nbr_ipaddr_from_lladdr
 .any.text.uip_ds6_nbr_lladdr_from_ipaddr
                0x0000ab84       0x12 contiki-z1.a(uip-ds6-nbr.o)
                0x0000ab84                uip_ds6_nbr_lladdr_from_ipaddr
 .any.text.uip_ds6_link_neighbor_callback
                0x0000ab96       0x32 contiki-z1.a(uip-ds6-nbr.o)
                0x0000ab96                uip_ds6_link_neighbor_callback
 .any.text.call_route_callback
                0x0000abc8       0x40 contiki-z1.a(uip-ds6-route.o)
 .any.text.uip_ds6_route_init
                0x0000ac08       0x36 contiki-z1.a(uip-ds6-route.o)
                0x0000ac08                uip_ds6_route_init
 .any.text.uip_ds6_route_nexthop
                0x0000ac3e       0x1a contiki-z1.a(uip-ds6-route.o)
                0x0000ac3e                uip_ds6_route_nexthop
 .any.text.uip_ds6_route_head
                0x0000ac58        0xa contiki-z1.a(uip-ds6-route.o)
                0x0000ac58                uip_ds6_route_head
 .any.text.uip_ds6_route_next
                0x0000ac62        0xe contiki-z1.a(uip-ds6-route.o)
                0x0000ac62                uip_ds6_route_next
 .any.text.uip_ds6_route_is_nexthop
                0x0000ac70       0x22 contiki-z1.a(uip-ds6-route.o)
                0x0000ac70                uip_ds6_route_is_nexthop
 .any.text.uip_ds6_route_lookup
                0x0000ac92       0x6e contiki-z1.a(uip-ds6-route.o)
                0x0000ac92                uip_ds6_route_lookup
 .any.text.uip_ds6_route_rm
                0x0000ad00       0xa2 contiki-z1.a(uip-ds6-route.o)
                0x0000ad00                uip_ds6_route_rm
 .any.text.rm_routelist
                0x0000ada2       0x34 contiki-z1.a(uip-ds6-route.o)
 .any.text.rm_routelist_callback
                0x0000add6        0x6 contiki-z1.a(uip-ds6-route.o)
 .any.text.uip_ds6_route_add
                0x0000addc       0xfc contiki-z1.a(uip-ds6-route.o)
                0x0000addc                uip_ds6_route_add
 .any.text.uip_ds6_defrt_rm
                0x0000aed8       0x44 contiki-z1.a(uip-ds6-route.o)
                0x0000aed8                uip_ds6_defrt_rm
 .any.text.uip_ds6_defrt_lookup
                0x0000af1c       0x32 contiki-z1.a(uip-ds6-route.o)
                0x0000af1c                uip_ds6_defrt_lookup
 .any.text.uip_ds6_defrt_add
                0x0000af4e       0x68 contiki-z1.a(uip-ds6-route.o)
                0x0000af4e                uip_ds6_defrt_add
 .any.text.uip_ds6_defrt_choose
                0x0000afb6       0x36 contiki-z1.a(uip-ds6-route.o)
                0x0000afb6                uip_ds6_defrt_choose
 .any.text.uip_ds6_defrt_periodic
                0x0000afec       0x38 contiki-z1.a(uip-ds6-route.o)
                0x0000afec                uip_ds6_defrt_periodic
 .any.text.echo_reply_input
                0x0000b024       0xaa contiki-z1.a(uip-icmp6.o)
 .any.text.echo_request_input
                0x0000b0ce       0xca contiki-z1.a(uip-icmp6.o)
 .any.text.uip_icmp6_input
                0x0000b198       0x44 contiki-z1.a(uip-icmp6.o)
                0x0000b198                uip_icmp6_input
 .any.text.uip_icmp6_register_input_handler
                0x0000b1dc        0xc contiki-z1.a(uip-icmp6.o)
                0x0000b1dc                uip_icmp6_register_input_handler
 .any.text.uip_icmp6_error_output
                0x0000b1e8      0x16e contiki-z1.a(uip-icmp6.o)
                0x0000b1e8                uip_icmp6_error_output
 .any.text.uip_icmp6_send
                0x0000b356       0x84 contiki-z1.a(uip-icmp6.o)
                0x0000b356                uip_icmp6_send
 .any.text.uip_icmp6_init
                0x0000b3da       0x12 contiki-z1.a(uip-icmp6.o)
                0x0000b3da                uip_icmp6_init
 .any.text.uip_nd6_init
                0x0000b3ec        0x2 contiki-z1.a(uip-nd6.o)
                0x0000b3ec                uip_nd6_init
 .any.text.start_periodic_tcp_timer
                0x0000b3ee       0x16 contiki-z1.a(tcpip.o)
 .any.text.tcpip_output
                0x0000b404       0x10 contiki-z1.a(tcpip.o)
                0x0000b404                tcpip_output
 .any.text.tcpip_set_outputfunc
                0x0000b414        0x6 contiki-z1.a(tcpip.o)
                0x0000b414                tcpip_set_outputfunc
 .any.text.tcp_unlisten
                0x0000b41a       0x26 contiki-z1.a(tcpip.o)
                0x0000b41a                tcp_unlisten
 .any.text.tcp_attach
                0x0000b440        0xc contiki-z1.a(tcpip.o)
                0x0000b440                tcp_attach
 .any.text.tcpip_input
                0x0000b44c       0x16 contiki-z1.a(tcpip.o)
                0x0000b44c                tcpip_input
 .any.text.tcpip_ipv6_output
                0x0000b462       0xcc contiki-z1.a(tcpip.o)
                0x0000b462                tcpip_ipv6_output
 .any.text.process_thread_tcpip_process
                0x0000b52e      0x1a8 contiki-z1.a(tcpip.o)
 .any.text.tcpip_poll_tcp
                0x0000b6d6        0xe contiki-z1.a(tcpip.o)
                0x0000b6d6                tcpip_poll_tcp
 .any.text.tcp_connect
                0x0000b6e4       0x22 contiki-z1.a(tcpip.o)
                0x0000b6e4                tcp_connect
 .any.text.tcpip_uipcall
                0x0000b706       0x62 contiki-z1.a(tcpip.o)
                0x0000b706                tcpip_uipcall
 .any.text.call_event
                0x0000b768       0x1a contiki-z1.a(tcp-socket.o)
 .any.text.relisten
                0x0000b782       0x10 contiki-z1.a(tcp-socket.o)
 .any.text.newdata
                0x0000b792       0x54 contiki-z1.a(tcp-socket.o)
 .any.text.senddata
                0x0000b7e6       0x2e contiki-z1.a(tcp-socket.o)
 .any.text.process_thread_tcp_socket_process
                0x0000b814      0x1fe contiki-z1.a(tcp-socket.o)
 .any.text.tcp_socket_register
                0x0000ba12       0x72 contiki-z1.a(tcp-socket.o)
                0x0000ba12                tcp_socket_register
 .any.text.tcp_socket_connect
                0x0000ba84       0x4a contiki-z1.a(tcp-socket.o)
                0x0000ba84                tcp_socket_connect
 .any.text.tcp_socket_unlisten
                0x0000bace       0x34 contiki-z1.a(tcp-socket.o)
                0x0000bace                tcp_socket_unlisten
 .any.text.tcp_socket_send
                0x0000bb02       0x42 contiki-z1.a(tcp-socket.o)
                0x0000bb02                tcp_socket_send
 .any.text.tcp_socket_close
                0x0000bb44       0x10 contiki-z1.a(tcp-socket.o)
                0x0000bb44                tcp_socket_close
 .any.text.tcp_socket_unregister
                0x0000bb54       0x2e contiki-z1.a(tcp-socket.o)
                0x0000bb54                tcp_socket_unregister
 .any.text.uip_debug_ipaddr_print
                0x0000bb82       0xbc contiki-z1.a(uip-debug.o)
                0x0000bb82                uip_debug_ipaddr_print
 .any.text.uiplib_ip6addrconv
                0x0000bc3e       0xfa contiki-z1.a(uiplib.o)
                0x0000bc3e                uiplib_ip6addrconv
 .any.text.rpl_get_mode
                0x0000bd38        0x6 contiki-z1.a(rpl.o)
                0x0000bd38                rpl_get_mode
 .any.text.rpl_purge_routes
                0x0000bd3e       0x96 contiki-z1.a(rpl.o)
                0x0000bd3e                rpl_purge_routes
 .any.text.rpl_remove_routes
                0x0000bdd4       0x22 contiki-z1.a(rpl.o)
                0x0000bdd4                rpl_remove_routes
 .any.text.rpl_remove_routes_by_nexthop
                0x0000bdf6       0x3e contiki-z1.a(rpl.o)
                0x0000bdf6                rpl_remove_routes_by_nexthop
 .any.text.rpl_add_route
                0x0000be34       0x48 contiki-z1.a(rpl.o)
                0x0000be34                rpl_add_route
 .any.text.rpl_link_neighbor_callback
                0x0000be7c       0x4c contiki-z1.a(rpl.o)
                0x0000be7c                rpl_link_neighbor_callback
 .any.text.rpl_ipv6_neighbor_callback
                0x0000bec8       0x1e contiki-z1.a(rpl.o)
                0x0000bec8                rpl_ipv6_neighbor_callback
 .any.text.rpl_purge_dags
                0x0000bee6       0x60 contiki-z1.a(rpl.o)
                0x0000bee6                rpl_purge_dags
 .any.text.rpl_init
                0x0000bf46       0x44 contiki-z1.a(rpl.o)
                0x0000bf46                rpl_init
 .any.text.lollipop_greater_than
                0x0000bf8a       0x3c contiki-z1.a(rpl-dag.o)
 .any.text.find_parent_any_dag_any_instance
                0x0000bfc6       0x14 contiki-z1.a(rpl-dag.o)
 .any.text.rpl_set_preferred_parent
                0x0000bfda       0x2c contiki-z1.a(rpl-dag.o)
 .any.text.set_ip_from_prefix
                0x0000c006       0x30 contiki-z1.a(rpl-dag.o)
 .any.text.check_prefix
                0x0000c036       0x70 contiki-z1.a(rpl-dag.o)
 .any.text.rpl_dag_init
                0x0000c0a6        0xe contiki-z1.a(rpl-dag.o)
                0x0000c0a6                rpl_dag_init
 .any.text.rpl_get_parent
                0x0000c0b4        0xc contiki-z1.a(rpl-dag.o)
                0x0000c0b4                rpl_get_parent
 .any.text.rpl_rank_via_parent
                0x0000c0c0       0x2a contiki-z1.a(rpl-dag.o)
                0x0000c0c0                rpl_rank_via_parent
 .any.text.rpl_get_parent_lladdr
                0x0000c0ea        0xc contiki-z1.a(rpl-dag.o)
                0x0000c0ea                rpl_get_parent_lladdr
 .any.text.rpl_get_parent_ipaddr
                0x0000c0f6        0xa contiki-z1.a(rpl-dag.o)
                0x0000c0f6                rpl_get_parent_ipaddr
 .any.text.rpl_get_parent_link_stats
                0x0000c100        0xa contiki-z1.a(rpl-dag.o)
                0x0000c100                rpl_get_parent_link_stats
 .any.text.rpl_parent_is_fresh
                0x0000c10a        0xa contiki-z1.a(rpl-dag.o)
                0x0000c10a                rpl_parent_is_fresh
 .any.text.best_parent
                0x0000c114       0x66 contiki-z1.a(rpl-dag.o)
 .any.text.rpl_parent_is_reachable
                0x0000c17a       0x4a contiki-z1.a(rpl-dag.o)
                0x0000c17a                rpl_parent_is_reachable
 .any.text.rpl_set_prefix
                0x0000c1c4       0x74 contiki-z1.a(rpl-dag.o)
                0x0000c1c4                rpl_set_prefix
 .any.text.rpl_set_default_route
                0x0000c238       0x3a contiki-z1.a(rpl-dag.o)
                0x0000c238                rpl_set_default_route
 .any.text.rpl_alloc_instance
                0x0000c272       0x34 contiki-z1.a(rpl-dag.o)
                0x0000c272                rpl_alloc_instance
 .any.text.rpl_add_parent
                0x0000c2a6       0x3a contiki-z1.a(rpl-dag.o)
                0x0000c2a6                rpl_add_parent
 .any.text.rpl_find_parent
                0x0000c2e0       0x1a contiki-z1.a(rpl-dag.o)
                0x0000c2e0                rpl_find_parent
 .any.text.rpl_find_parent_any_dag
                0x0000c2fa       0x22 contiki-z1.a(rpl-dag.o)
                0x0000c2fa                rpl_find_parent_any_dag
 .any.text.rpl_select_parent
                0x0000c31c       0x62 contiki-z1.a(rpl-dag.o)
                0x0000c31c                rpl_select_parent
 .any.text.rpl_select_dag
                0x0000c37e      0x192 contiki-z1.a(rpl-dag.o)
                0x0000c37e                rpl_select_dag
 .any.text.rpl_nullify_parent
                0x0000c510       0x5c contiki-z1.a(rpl-dag.o)
                0x0000c510                rpl_nullify_parent
 .any.text.rpl_remove_parent
                0x0000c56c       0x16 contiki-z1.a(rpl-dag.o)
                0x0000c56c                rpl_remove_parent
 .any.text.nbr_callback
                0x0000c582        0x6 contiki-z1.a(rpl-dag.o)
 .any.text.remove_parents.constprop.4
                0x0000c588       0x2c contiki-z1.a(rpl-dag.o)
 .any.text.rpl_free_dag
                0x0000c5b4       0x42 contiki-z1.a(rpl-dag.o)
                0x0000c5b4                rpl_free_dag
 .any.text.rpl_move_parent
                0x0000c5f6       0x60 contiki-z1.a(rpl-dag.o)
                0x0000c5f6                rpl_move_parent
 .any.text.rpl_get_any_dag
                0x0000c656       0x16 contiki-z1.a(rpl-dag.o)
                0x0000c656                rpl_get_any_dag
 .any.text.rpl_get_instance
                0x0000c66c       0x16 contiki-z1.a(rpl-dag.o)
                0x0000c66c                rpl_get_instance
 .any.text.rpl_alloc_dag
                0x0000c682       0x60 contiki-z1.a(rpl-dag.o)
                0x0000c682                rpl_alloc_dag
 .any.text.rpl_repair_root
                0x0000c6e2       0x4c contiki-z1.a(rpl-dag.o)
                0x0000c6e2                rpl_repair_root
 .any.text.rpl_find_of
                0x0000c72e       0x10 contiki-z1.a(rpl-dag.o)
                0x0000c72e                rpl_find_of
 .any.text.rpl_join_instance
                0x0000c73e      0x142 contiki-z1.a(rpl-dag.o)
                0x0000c73e                rpl_join_instance
 .any.text.rpl_local_repair
                0x0000c880       0x7c contiki-z1.a(rpl-dag.o)
                0x0000c880                rpl_local_repair
 .any.text.rpl_process_parent_event
                0x0000c8fc       0xa8 contiki-z1.a(rpl-dag.o)
                0x0000c8fc                rpl_process_parent_event
 .any.text.rpl_recalculate_ranks
                0x0000c9a4       0x44 contiki-z1.a(rpl-dag.o)
                0x0000c9a4                rpl_recalculate_ranks
 .any.text.rpl_add_dag
                0x0000c9e8      0x104 contiki-z1.a(rpl-dag.o)
                0x0000c9e8                rpl_add_dag
 .any.text.rpl_process_dio
                0x0000caec      0x32a contiki-z1.a(rpl-dag.o)
                0x0000caec                rpl_process_dio
 .any.text.update_hbh_header
                0x0000ce16       0xcc contiki-z1.a(rpl-ext-header.)
 .any.text.insert_hbh_header
                0x0000cee2       0x94 contiki-z1.a(rpl-ext-header.)
 .any.text.rpl_verify_hbh_header
                0x0000cf76       0xf4 contiki-z1.a(rpl-ext-header.)
                0x0000cf76                rpl_verify_hbh_header
 .any.text.rpl_remove_header
                0x0000d06a       0x76 contiki-z1.a(rpl-ext-header.)
                0x0000d06a                rpl_remove_header
 .any.text.rpl_update_header
                0x0000d0e0       0x54 contiki-z1.a(rpl-ext-header.)
                0x0000d0e0                rpl_update_header
 .any.text.get32
                0x0000d134       0x3e contiki-z1.a(rpl-icmp6.o)
 .any.text.set32
                0x0000d172       0x2a contiki-z1.a(rpl-icmp6.o)
 .any.text.get16
                0x0000d19c        0xe contiki-z1.a(rpl-icmp6.o)
 .any.text.set16
                0x0000d1aa       0x10 contiki-z1.a(rpl-icmp6.o)
 .any.text.dao_ack_input
                0x0000d1ba        0xa contiki-z1.a(rpl-icmp6.o)
 .any.text.dio_input
                0x0000d1c4      0x280 contiki-z1.a(rpl-icmp6.o)
 .any.text.rpl_icmp6_update_nbr_table
                0x0000d444       0x28 contiki-z1.a(rpl-icmp6.o)
                0x0000d444                rpl_icmp6_update_nbr_table
 .any.text.dao_input
                0x0000d46c      0x2a4 contiki-z1.a(rpl-icmp6.o)
 .any.text.dis_output
                0x0000d710       0x50 contiki-z1.a(rpl-icmp6.o)
                0x0000d710                dis_output
 .any.text.dio_output
                0x0000d760      0x24c contiki-z1.a(rpl-icmp6.o)
                0x0000d760                dio_output
 .any.text.dis_input
                0x0000d9ac       0x3e contiki-z1.a(rpl-icmp6.o)
 .any.text.dao_output_target
                0x0000d9ea       0xf6 contiki-z1.a(rpl-icmp6.o)
                0x0000d9ea                dao_output_target
 .any.text.dao_output
                0x0000dae0       0x9e contiki-z1.a(rpl-icmp6.o)
                0x0000dae0                dao_output
 .any.text.rpl_icmp6_register_handlers
                0x0000db7e       0x22 contiki-z1.a(rpl-icmp6.o)
                0x0000db7e                rpl_icmp6_register_handlers
 .any.text.reset
                0x0000dba0        0x2 contiki-z1.a(rpl-mrhof.o)
 .any.text.update_metric_container
                0x0000dba2        0x6 contiki-z1.a(rpl-mrhof.o)
 .any.text.parent_link_metric
                0x0000dba8       0x10 contiki-z1.a(rpl-mrhof.o)
 .any.text.parent_has_usable_link
                0x0000dbb8       0x14 contiki-z1.a(rpl-mrhof.o)
 .any.text.best_dag
                0x0000dbcc       0x2e contiki-z1.a(rpl-mrhof.o)
 .any.text.parent_path_cost
                0x0000dbfa       0x40 contiki-z1.a(rpl-mrhof.o)
 .any.text.parent_is_acceptable
                0x0000dc3a       0x2a contiki-z1.a(rpl-mrhof.o)
 .any.text.rank_via_parent
                0x0000dc64       0x4e contiki-z1.a(rpl-mrhof.o)
 .any.text.best_parent
                0x0000dcb2       0x76 contiki-z1.a(rpl-mrhof.o)
 .any.text.handle_unicast_dio_timer
                0x0000dd28       0x1c contiki-z1.a(rpl-timers.o)
 .any.text.new_dio_interval
                0x0000dd44       0x8a contiki-z1.a(rpl-timers.o)
 .any.text.set_dao_lifetime_timer
                0x0000ddce       0x84 contiki-z1.a(rpl-timers.o)
 .any.text.handle_periodic_timer
                0x0000de52       0x50 contiki-z1.a(rpl-timers.o)
 .any.text.schedule_dao
                0x0000dea2       0x72 contiki-z1.a(rpl-timers.o)
 .any.text.handle_dio_timer
                0x0000df14       0x88 contiki-z1.a(rpl-timers.o)
 .any.text.handle_dao_timer
                0x0000df9c       0x64 contiki-z1.a(rpl-timers.o)
 .any.text.rpl_reset_periodic_timer
                0x0000e000       0x54 contiki-z1.a(rpl-timers.o)
                0x0000e000                rpl_reset_periodic_timer
 .any.text.rpl_reset_dio_timer
                0x0000e054       0x18 contiki-z1.a(rpl-timers.o)
                0x0000e054                rpl_reset_dio_timer
 .any.text.rpl_schedule_dao
                0x0000e06c        0xc contiki-z1.a(rpl-timers.o)
                0x0000e06c                rpl_schedule_dao
 .any.text.rpl_schedule_unicast_dio_immediately
                0x0000e078       0x16 contiki-z1.a(rpl-timers.o)
                0x0000e078                rpl_schedule_unicast_dio_immediately
 .any.text.get_probing_delay
                0x0000e08e       0x40 contiki-z1.a(rpl-timers.o)
                0x0000e08e                get_probing_delay
 .any.text.get_probing_target
                0x0000e0ce       0xe2 contiki-z1.a(rpl-timers.o)
                0x0000e0ce                get_probing_target
 .any.text.rpl_schedule_probing
                0x0000e1b0       0x26 contiki-z1.a(rpl-timers.o)
                0x0000e1b0                rpl_schedule_probing
 .any.text.handle_probing_timer
                0x0000e1d6       0x34 contiki-z1.a(rpl-timers.o)
 .any.text.linkaddr_copy
                0x0000e20a        0x8 contiki-z1.a(linkaddr.o)
                0x0000e20a                linkaddr_copy
 .any.text.linkaddr_cmp
                0x0000e212       0x12 contiki-z1.a(linkaddr.o)
                0x0000e212                linkaddr_cmp
 .any.text.linkaddr_set_node_addr
                0x0000e224        0xc contiki-z1.a(linkaddr.o)
                0x0000e224                linkaddr_set_node_addr
 .any.text.periodic
                0x0000e230       0x2c contiki-z1.a(link-stats.o)
 .any.text.link_stats_from_lladdr
                0x0000e25c        0xc contiki-z1.a(link-stats.o)
                0x0000e25c                link_stats_from_lladdr
 .any.text.link_stats_is_fresh
                0x0000e268       0x32 contiki-z1.a(link-stats.o)
                0x0000e268                link_stats_is_fresh
 .any.text.link_stats_packet_sent
                0x0000e29a       0xc4 contiki-z1.a(link-stats.o)
                0x0000e29a                link_stats_packet_sent
 .any.text.link_stats_input_callback
                0x0000e35e       0xa8 contiki-z1.a(link-stats.o)
                0x0000e35e                link_stats_input_callback
 .any.text.link_stats_init
                0x0000e406       0x22 contiki-z1.a(link-stats.o)
                0x0000e406                link_stats_init
 .any.text.key_from_index
                0x0000e428       0x18 contiki-z1.a(nbr-table.o)
 .any.text.item_from_index
                0x0000e440       0x2a contiki-z1.a(nbr-table.o)
 .any.text.index_from_key
                0x0000e46a       0x26 contiki-z1.a(nbr-table.o)
 .any.text.index_from_item
                0x0000e490       0x1e contiki-z1.a(nbr-table.o)
 .any.text.nbr_set_bit
                0x0000e4ae       0x50 contiki-z1.a(nbr-table.o)
 .any.text.index_from_lladdr
                0x0000e4fe       0x3e contiki-z1.a(nbr-table.o)
 .any.text.nbr_get_bit.constprop.0
                0x0000e53c       0x2c contiki-z1.a(nbr-table.o)
 .any.text.remove_key
                0x0000e568       0x56 contiki-z1.a(nbr-table.o)
 .any.text.nbr_table_register
                0x0000e5be       0x26 contiki-z1.a(nbr-table.o)
                0x0000e5be                nbr_table_register
 .any.text.nbr_table_next
                0x0000e5e4       0x3a contiki-z1.a(nbr-table.o)
                0x0000e5e4                nbr_table_next
 .any.text.nbr_table_head
                0x0000e61e       0x36 contiki-z1.a(nbr-table.o)
                0x0000e61e                nbr_table_head
 .any.text.nbr_table_add_lladdr
                0x0000e654       0xfc contiki-z1.a(nbr-table.o)
                0x0000e654                nbr_table_add_lladdr
 .any.text.nbr_table_get_from_lladdr
                0x0000e750       0x28 contiki-z1.a(nbr-table.o)
                0x0000e750                nbr_table_get_from_lladdr
 .any.text.nbr_table_remove
                0x0000e778       0x2a contiki-z1.a(nbr-table.o)
                0x0000e778                nbr_table_remove
 .any.text.nbr_table_lock
                0x0000e7a2       0x10 contiki-z1.a(nbr-table.o)
                0x0000e7a2                nbr_table_lock
 .any.text.nbr_table_unlock
                0x0000e7b2       0x10 contiki-z1.a(nbr-table.o)
                0x0000e7b2                nbr_table_unlock
 .any.text.nbr_table_get_lladdr
                0x0000e7c2       0x14 contiki-z1.a(nbr-table.o)
                0x0000e7c2                nbr_table_get_lladdr
 .any.text.packetbuf_hdrreduce
                0x0000e7d6       0x1a contiki-z1.a(packetbuf.o)
                0x0000e7d6                packetbuf_hdrreduce
 .any.text.packetbuf_set_datalen
                0x0000e7f0        0x6 contiki-z1.a(packetbuf.o)
                0x0000e7f0                packetbuf_set_datalen
 .any.text.packetbuf_hdrptr
                0x0000e7f6        0x6 contiki-z1.a(packetbuf.o)
                0x0000e7f6                packetbuf_hdrptr
 .any.text.packetbuf_datalen
                0x0000e7fc        0x6 contiki-z1.a(packetbuf.o)
                0x0000e7fc                packetbuf_datalen
 .any.text.packetbuf_hdrlen
                0x0000e802        0xa contiki-z1.a(packetbuf.o)
                0x0000e802                packetbuf_hdrlen
 .any.text.packetbuf_dataptr
                0x0000e80c        0xc contiki-z1.a(packetbuf.o)
                0x0000e80c                packetbuf_dataptr
 .any.text.packetbuf_copyto
                0x0000e818       0x3a contiki-z1.a(packetbuf.o)
                0x0000e818                packetbuf_copyto
 .any.text.packetbuf_totlen
                0x0000e852        0xc contiki-z1.a(packetbuf.o)
                0x0000e852                packetbuf_totlen
 .any.text.packetbuf_hdralloc
                0x0000e85e       0x3c contiki-z1.a(packetbuf.o)
                0x0000e85e                packetbuf_hdralloc
 .any.text.packetbuf_attr_clear
                0x0000e89a       0x28 contiki-z1.a(packetbuf.o)
                0x0000e89a                packetbuf_attr_clear
 .any.text.packetbuf_clear
                0x0000e8c2       0x12 contiki-z1.a(packetbuf.o)
                0x0000e8c2                packetbuf_clear
 .any.text.packetbuf_copyfrom
                0x0000e8d4       0x2a contiki-z1.a(packetbuf.o)
                0x0000e8d4                packetbuf_copyfrom
 .any.text.packetbuf_attr_copyto
                0x0000e8fe       0x22 contiki-z1.a(packetbuf.o)
                0x0000e8fe                packetbuf_attr_copyto
 .any.text.packetbuf_attr_copyfrom
                0x0000e920       0x24 contiki-z1.a(packetbuf.o)
                0x0000e920                packetbuf_attr_copyfrom
 .any.text.packetbuf_holds_broadcast
                0x0000e944        0xe contiki-z1.a(packetbuf.o)
                0x0000e944                packetbuf_holds_broadcast
 .any.text.queuebuf_init
                0x0000e952       0x12 contiki-z1.a(queuebuf.o)
                0x0000e952                queuebuf_init
 .any.text.queuebuf_numfree
                0x0000e964        0xa contiki-z1.a(queuebuf.o)
                0x0000e964                queuebuf_numfree
 .any.text.queuebuf_new_from_packetbuf
                0x0000e96e       0x4e contiki-z1.a(queuebuf.o)
                0x0000e96e                queuebuf_new_from_packetbuf
 .any.text.queuebuf_update_attr_from_packetbuf
                0x0000e9bc       0x12 contiki-z1.a(queuebuf.o)
                0x0000e9bc                queuebuf_update_attr_from_packetbuf
 .any.text.queuebuf_free
                0x0000e9ce       0x2a contiki-z1.a(queuebuf.o)
                0x0000e9ce                queuebuf_free
 .any.text.queuebuf_to_packetbuf
                0x0000e9f8       0x32 contiki-z1.a(queuebuf.o)
                0x0000e9f8                queuebuf_to_packetbuf
 .any.text.queuebuf_attr
                0x0000ea2a        0xe contiki-z1.a(queuebuf.o)
                0x0000ea2a                queuebuf_attr
 .any.text.input_packet
                0x0000ea38        0x6 contiki-z1.a(csma.o)
 .any.text.on   0x0000ea3e        0x6 contiki-z1.a(csma.o)
 .any.text.off  0x0000ea44        0x6 contiki-z1.a(csma.o)
 .any.text.channel_check_interval
                0x0000ea4a       0x10 contiki-z1.a(csma.o)
 .any.text.transmit_packet_list
                0x0000ea5a       0x24 contiki-z1.a(csma.o)
 .any.text.schedule_transmission
                0x0000ea7e       0x84 contiki-z1.a(csma.o)
 .any.text.init
                0x0000eb02       0x1a contiki-z1.a(csma.o)
 .any.text.tx_done
                0x0000eb1c       0x84 contiki-z1.a(csma.o)
 .any.text.send_packet
                0x0000eba0      0x158 contiki-z1.a(csma.o)
 .any.text.packet_sent
                0x0000ecf8       0xca contiki-z1.a(csma.o)
 .any.text.create_frame.isra.0
                0x0000edc2      0x114 contiki-z1.a(framer-802154.o)
 .any.text.create
                0x0000eed6        0x8 contiki-z1.a(framer-802154.o)
 .any.text.hdr_length
                0x0000eede        0x8 contiki-z1.a(framer-802154.o)
 .any.text.parse
                0x0000eee6       0x9a contiki-z1.a(framer-802154.o)
 .any.text.mac_call_sent_callback
                0x0000ef80       0x14 contiki-z1.a(mac.o)
                0x0000ef80                mac_call_sent_callback
 .any.text.on   0x0000ef94        0x6 contiki-z1.a(nullrdc.o)
 .any.text.channel_check_interval
                0x0000ef9a        0x4 contiki-z1.a(nullrdc.o)
 .any.text.init
                0x0000ef9e        0x6 contiki-z1.a(nullrdc.o)
 .any.text.off  0x0000efa4       0x10 contiki-z1.a(nullrdc.o)
 .any.text.packet_input
                0x0000efb4       0x28 contiki-z1.a(nullrdc.o)
 .any.text.send_one_packet
                0x0000efdc       0x62 contiki-z1.a(nullrdc.o)
 .any.text.send_list
                0x0000f03e       0x28 contiki-z1.a(nullrdc.o)
 .any.text.send_packet
                0x0000f066        0x6 contiki-z1.a(nullrdc.o)
 .any.text.init
                0x0000f06c        0x2 contiki-z1.a(nullsec.o)
 .any.text.send
                0x0000f06e        0xa contiki-z1.a(nullsec.o)
 .any.text.input
                0x0000f078        0x6 contiki-z1.a(nullsec.o)
 .any.text.i2c_receiveinit
                0x0000f07e       0x36 contiki-z1.a(i2cmaster.o)
                0x0000f07e                i2c_receiveinit
 .any.text.i2c_transmitinit
                0x0000f0b4       0x30 contiki-z1.a(i2cmaster.o)
                0x0000f0b4                i2c_transmitinit
 .any.text.i2c_receive_n
                0x0000f0e4       0x3e contiki-z1.a(i2cmaster.o)
                0x0000f0e4                i2c_receive_n
 .any.text.i2c_busy
                0x0000f122        0xa contiki-z1.a(i2cmaster.o)
                0x0000f122                i2c_busy
 .any.text.i2c_enable
                0x0000f12c       0x22 contiki-z1.a(i2cmaster.o)
                0x0000f12c                i2c_enable
 .any.text.i2c_transmit_n
                0x0000f14e       0x14 contiki-z1.a(i2cmaster.o)
                0x0000f14e                i2c_transmit_n
 .any.text.status
                0x0000f162       0x18 contiki-z1.a(button-sensor.o)
 .any.text.value
                0x0000f17a       0x20 contiki-z1.a(button-sensor.o)
 .any.text.configure
                0x0000f19a       0x4e contiki-z1.a(button-sensor.o)
 .any.text.stimer_set
                0x0000f1e8       0x1c contiki-z1.a(stimer.o)
                0x0000f1e8                stimer_set
 .any.text.stimer_expired
                0x0000f204       0x30 contiki-z1.a(stimer.o)
                0x0000f204                stimer_expired
 .any.text.memb_init
                0x0000f234       0x36 contiki-z1.a(memb.o)
                0x0000f234                memb_init
 .any.text.memb_alloc
                0x0000f26a       0x3e contiki-z1.a(memb.o)
                0x0000f26a                memb_alloc
 .any.text.memb_free
                0x0000f2a8       0x3a contiki-z1.a(memb.o)
                0x0000f2a8                memb_free
 .any.text.memb_inmemb
                0x0000f2e2       0x2a contiki-z1.a(memb.o)
                0x0000f2e2                memb_inmemb
 .any.text.memb_numfree
                0x0000f30c       0x26 contiki-z1.a(memb.o)
                0x0000f30c                memb_numfree
 .any.text.update_nbr
                0x0000f332       0xda contiki-z1.a(rpl-nbr-policy.)
 .any.text.handle_periodic_timer
                0x0000f40c        0xe contiki-z1.a(rpl-nbr-policy.)
 .any.text.find_removable_dis
                0x0000f41a       0x14 contiki-z1.a(rpl-nbr-policy.)
                0x0000f41a                find_removable_dis
 .any.text.find_removable_dio
                0x0000f42e       0x3c contiki-z1.a(rpl-nbr-policy.)
                0x0000f42e                find_removable_dio
 .any.text.find_removable_dao
                0x0000f46a       0x32 contiki-z1.a(rpl-nbr-policy.)
                0x0000f46a                find_removable_dao
 .any.text.rpl_nbr_policy_find_removable
                0x0000f49c       0x30 contiki-z1.a(rpl-nbr-policy.)
                0x0000f49c                rpl_nbr_policy_find_removable
 .any.text.frame802154_get_pan_id
                0x0000f4cc        0x6 contiki-z1.a(frame802154.o)
                0x0000f4cc                frame802154_get_pan_id
 .any.text.frame802154_has_panid
                0x0000f4d2       0x78 contiki-z1.a(frame802154.o)
                0x0000f4d2                frame802154_has_panid
 .any.text.frame802154_is_broadcast_addr
                0x0000f54a       0x28 contiki-z1.a(frame802154.o)
                0x0000f54a                frame802154_is_broadcast_addr
 .any.text.frame802154_hdrlen
                0x0000f572       0x32 contiki-z1.a(frame802154.o)
                0x0000f572                frame802154_hdrlen

.rodata         0x0000f5a4      0x891
                0x0000f5a4                . = ALIGN (0x2)
 *(.rodata .rodata.* .gnu.linkonce.r.*)
 .rodata.process_thread_mqtt_demo_process
                0x0000f5a4      0x26b mqtt-example.co
 *fill*         0x0000f80f        0x1 00
 .rodata.mqtt_event
                0x0000f810      0x1fc mqtt-example.co
 .rodata        0x0000fa0c        0xa mqtt-example.co
 .rodata.autostart_processes
                0x0000fa16        0x4 mqtt-example.co
                0x0000fa16                autostart_processes
 .rodata        0x0000fa1a      0x115 obj_z1/contiki-z1-main.o
 .rodata.process_thread_mqtt_process
                0x0000fb2f        0x7 contiki-z1.a(mqtt.o)
 .rodata        0x0000fb36        0xd contiki-z1.a(mqtt.o)
 *fill*         0x0000fb43        0x1 00
 .rodata.get_value
                0x0000fb44       0x44 contiki-z1.a(cc2420.o)
 .rodata.set_value
                0x0000fb88       0x20 contiki-z1.a(cc2420.o)
 .rodata.cc2420_driver
                0x0000fba8       0x38 contiki-z1.a(cc2420.o)
                0x0000fba8                cc2420_driver
 .rodata        0x0000fbe0        0xe contiki-z1.a(cc2420.o)
 .rodata.output_power
                0x0000fbee       0x10 contiki-z1.a(cc2420.o)
 .rodata        0x0000fbfe        0x8 contiki-z1.a(sensors.o)
 .rodata        0x0000fc06       0x25 contiki-z1.a(adxl345.o)
 *fill*         0x0000fc2b        0x1 00
 .rodata.adxl345
                0x0000fc2c        0xe contiki-z1.a(adxl345.o)
                0x0000fc2c                adxl345
 .rodata        0x0000fc3a        0xe contiki-z1.a(tmp102.o)
 .rodata.tmp102
                0x0000fc48        0xe contiki-z1.a(tmp102.o)
                0x0000fc48                tmp102
 .rodata        0x0000fc56        0xf contiki-z1.a(ctimer.o)
 .rodata        0x0000fc65        0xc contiki-z1.a(etimer.o)
 .rodata        0x0000fc71        0xb contiki-z1.a(sicslowpan.o)
 .rodata.sicslowpan_driver
                0x0000fc7c        0xa contiki-z1.a(sicslowpan.o)
                0x0000fc7c                sicslowpan_driver
 .rodata.llprefix
                0x0000fc86        0x2 contiki-z1.a(sicslowpan.o)
                0x0000fc86                llprefix
 .rodata.unc_mxconf
                0x0000fc88        0x4 contiki-z1.a(sicslowpan.o)
                0x0000fc88                unc_mxconf
 .rodata.unc_ctxconf
                0x0000fc8c        0x4 contiki-z1.a(sicslowpan.o)
                0x0000fc8c                unc_ctxconf
 .rodata.unc_llconf
                0x0000fc90        0x4 contiki-z1.a(sicslowpan.o)
                0x0000fc90                unc_llconf
 .rodata.ttl_values
                0x0000fc94        0x4 contiki-z1.a(sicslowpan.o)
 .rodata.uip_process
                0x0000fc98       0x40 contiki-z1.a(uip6.o)
 .rodata        0x0000fcd8        0xd contiki-z1.a(tcpip.o)
 .rodata.newdata
                0x0000fce5       0x32 contiki-z1.a(tcp-socket.o)
 .rodata.process_thread_tcp_socket_process
                0x0000fd17       0x54 contiki-z1.a(tcp-socket.o)
 .rodata        0x0000fd6b       0x13 contiki-z1.a(tcp-socket.o)
 .rodata.uip_debug_ipaddr_print
                0x0000fd7e       0x28 contiki-z1.a(uip-debug.o)
 .rodata.linkaddr_null
                0x0000fda6        0x8 contiki-z1.a(linkaddr.o)
                0x0000fda6                linkaddr_null
 .rodata        0x0000fdae        0x5 contiki-z1.a(csma.o)
 *fill*         0x0000fdb3        0x1 00
 .rodata.csma_driver
                0x0000fdb4       0x1a contiki-z1.a(csma.o)
                0x0000fdb4                csma_driver
 .rodata.framer_802154
                0x0000fdce        0xc contiki-z1.a(framer-802154.o)
                0x0000fdce                framer_802154
 .rodata        0x0000fdda        0x8 contiki-z1.a(nullrdc.o)
 .rodata.nullrdc_driver
                0x0000fde2       0x1e contiki-z1.a(nullrdc.o)
                0x0000fde2                nullrdc_driver
 .rodata        0x0000fe00        0x8 contiki-z1.a(nullsec.o)
 .rodata.nullsec_driver
                0x0000fe08        0xe contiki-z1.a(nullsec.o)
                0x0000fe08                nullsec_driver
 .rodata        0x0000fe16        0x7 contiki-z1.a(button-sensor.o)
 *fill*         0x0000fe1d        0x1 00
 .rodata.button_sensor
                0x0000fe1e        0xe contiki-z1.a(button-sensor.o)
                0x0000fe1e                button_sensor
 .rodata.CSWTCH.16
                0x0000fe2c        0x2 contiki-z1.a(frame802154.o)
 .rodata.vuprintf
                0x0000fe2e        0x7 /usr/local/msp430/bin/../lib/gcc/msp430/4.7.0/../../../../msp430/lib/mcpu-430x/mmpy-16/msr20/mc20/libc.a(vuprintf.o)
 *(.near.rodata .near.rodata.*)
                0x0000fe36                . = ALIGN (0x2)
                0x0000fe36                _etext = .

.data           0x00001100      0x160 load address 0x0000fe36
                0x00001100                . = ALIGN (0x2)
                0x00001100                __data_start = .
 *(.data .data.* .gnu.linkonce.d.*)
 .data.mqtt_demo_process
                0x00001100        0xc mqtt-example.co
                0x00001100                mqtt_demo_process
 .data.mqtt_process
                0x0000110c        0xc contiki-z1.a(mqtt.o)
                0x0000110c                mqtt_process
 .data.cur_break
                0x00001118        0x2 contiki-z1.a(msp430.o)
 .data.cc2420_process
                0x0000111a        0xc contiki-z1.a(cc2420.o)
                0x0000111a                cc2420_process
 .data.send_on_cca
                0x00001126        0x1 contiki-z1.a(cc2420.o)
 *fill*         0x00001127        0x1 00
 .data.sensors_process
                0x00001128        0xc contiki-z1.a(sensors.o)
                0x00001128                sensors_process
 .data.sensors  0x00001134        0x8 contiki-z1.a(z1-sensors.o)
                0x00001134                sensors
 .data.accmeter_process
                0x0000113c        0xc contiki-z1.a(adxl345.o)
                0x0000113c                accmeter_process
 .data.adxl345_default_settings
                0x00001148       0x16 contiki-z1.a(adxl345.o)
 .data.ctimer_process
                0x0000115e        0xc contiki-z1.a(ctimer.o)
                0x0000115e                ctimer_process
 .data.etimer_process
                0x0000116a        0xc contiki-z1.a(etimer.o)
                0x0000116a                etimer_process
 .data.ds6_neighbors
                0x00001176        0x2 contiki-z1.a(uip-ds6-nbr.o)
                0x00001176                ds6_neighbors
 .data.ds6_neighbors_struct
                0x00001178        0xa contiki-z1.a(uip-ds6-nbr.o)
 .data.nbr_routes
                0x00001182        0x2 contiki-z1.a(uip-ds6-route.o)
                0x00001182                nbr_routes
 .data.routememb
                0x00001184        0x8 contiki-z1.a(uip-ds6-route.o)
 .data.defaultroutermemb
                0x0000118c        0x8 contiki-z1.a(uip-ds6-route.o)
 .data.neighborroutememb
                0x00001194        0x8 contiki-z1.a(uip-ds6-route.o)
 .data.nbr_routes_struct
                0x0000119c        0xa contiki-z1.a(uip-ds6-route.o)
 .data.echo_request_handler
                0x000011a6        0x8 contiki-z1.a(uip-icmp6.o)
 .data.echo_reply_handler
                0x000011ae        0x8 contiki-z1.a(uip-icmp6.o)
 .data.tcpip_process
                0x000011b6        0xc contiki-z1.a(tcpip.o)
                0x000011b6                tcpip_process
 .data.tcp_socket_process
                0x000011c2        0xc contiki-z1.a(tcp-socket.o)
                0x000011c2                tcp_socket_process
 .data.rpl_parents
                0x000011ce        0x2 contiki-z1.a(rpl-dag.o)
                0x000011ce                rpl_parents
 .data.rpl_parents_struct
                0x000011d0        0xa contiki-z1.a(rpl-dag.o)
 .data.dao_sequence
                0x000011da        0x1 contiki-z1.a(rpl-icmp6.o)
 *fill*         0x000011db        0x1 00
 .data.dis_handler
                0x000011dc        0x8 contiki-z1.a(rpl-icmp6.o)
 .data.dio_handler
                0x000011e4        0x8 contiki-z1.a(rpl-icmp6.o)
 .data.dao_handler
                0x000011ec        0x8 contiki-z1.a(rpl-icmp6.o)
 .data.dao_ack_handler
                0x000011f4        0x8 contiki-z1.a(rpl-icmp6.o)
 .data.rpl_mrhof
                0x000011fc       0x22 contiki-z1.a(rpl-mrhof.o)
                0x000011fc                rpl_mrhof
 .data.link_stats_struct
                0x0000121e        0xa contiki-z1.a(link-stats.o)
 .data.neighbor_addr_mem
                0x00001228        0x8 contiki-z1.a(nbr-table.o)
 .data.buframmem
                0x00001230        0x8 contiki-z1.a(queuebuf.o)
 .data.bufmem   0x00001238        0x8 contiki-z1.a(queuebuf.o)
 .data.neighbor_memb
                0x00001240        0x8 contiki-z1.a(csma.o)
 .data.packet_memb
                0x00001248        0x8 contiki-z1.a(csma.o)
 .data.metadata_memb
                0x00001250        0x8 contiki-z1.a(csma.o)
 .data.prescale_lsb
                0x00001258        0x1 contiki-z1.a(i2cmaster.o)
                0x00001258                prescale_lsb
 *fill*         0x00001259        0x1 00
 .data.mac_pan_id
                0x0000125a        0x2 contiki-z1.a(frame802154.o)
 .data.next     0x0000125c        0x4 /usr/local/msp430/bin/../lib/gcc/msp430/4.7.0/../../../../msp430/lib/mcpu-430x/mmpy-16/msr20/mc20/libc.a(rand.o)
 *(.near.data .near.data.*)
                0x00001260                . = ALIGN (0x2)
                0x00001260                _edata = .
                0x0000fe36                __data_load_start = LOADADDR (.data)
                0x00000160                __data_size = SIZEOF (.data)

.bss            0x00001260     0x1cae load address 0x0000ff96
                0x00001260                __bss_start = .
 *(.bss .bss.*)
 .bss.publish_periodic_timer
                0x00001260        0xc mqtt-example.co
 .bss.conf      0x0000126c       0x6e mqtt-example.co
 .bss.state     0x000012da        0x1 mqtt-example.co
 *fill*         0x000012db        0x1 00
 .bss.seq_nr_value
                0x000012dc        0x2 mqtt-example.co
 .bss.client_id
                0x000012de       0x30 mqtt-example.co
 .bss.sub_topic
                0x0000130e       0x30 mqtt-example.co
 .bss.pub_topic
                0x0000133e       0x30 mqtt-example.co
 .bss.conn      0x0000136e      0x712 mqtt-example.co
 .bss.connect_attempt
                0x00001a80        0x1 mqtt-example.co
 *fill*         0x00001a81        0x1 00
 .bss.ct        0x00001a82       0x16 mqtt-example.co
 .bss.connection_life
                0x00001a98        0x8 mqtt-example.co
 .bss.msg_ptr   0x00001aa0        0x2 mqtt-example.co
 .bss.buf_ptr   0x00001aa2        0x2 mqtt-example.co
 .bss.app_buffer